[续训] 晋级权重：stage1_static → stage2_linear（退火起点）
[续训] 新时间戳 run（自 _seed_stage2_t5963776）→ 20260922_222630；起点已存为 named/model_0（0号模型）
============================================================
瞄准课程 PPO 训练（断点续训）
============================================================
  配置文件     : configs/train/curriculum_aim.yaml
  本次运行目录 : runs/curriculum_aim/20260922_222630
  续训权重     : runs/curriculum_aim/20260922_222630/named/model_0.zip
  已训步数     : 5,963,776 → 目标 100,000,000
  设备         : cpu
  总步数       : 100,000,000
  并行环境     : 8
  帧堆叠       : 选择性 3 步距=3 depth=7 lags=[6, 3, 0]（开火/子弹仅当前） + 确定性均值×3 → 输入维 101
  评测间隔     : 每 100,000 步 / 100 局（单局≤600步）
  存盘间隔     : 每 100,000 步 → runs/curriculum_aim/20260922_222630/checkpoints/
  晋级存盘     : 每次晋级 → runs/curriculum_aim/20260922_222630/promotions/
------------------------------------------------------------
  当前阶段     : stage2_linear (2/3)
  对手         : mode=linear  speed=0.30
  奖励         : aim=0.1 mode=lead  kill=60.0  rotate=-0.07
  转向阶梯     : phase=3/0  levels=[-0.07]  推进条件 hit_rate>1.01  末档再达标=否
------------------------------------------------------------
  TensorBoard  : tensorboard --logdir runs/curriculum_aim
  浏览器打开   : http://localhost:6006
============================================================
[续训] 覆盖超参 learning_rate=0.0001  ent_coef=0.01
[进度] 5,980,160/100,000,000 (6.0%)  FPS≈1798  阶段=stage2_linear  速度=0.33  直行间隔=180  aim=0.100/lead  rotate=-0.07
[进度] 5,996,544/100,000,000 (6.0%)  FPS≈1540  阶段=stage2_linear  速度=0.36  直行间隔=180  aim=0.100/lead  rotate=-0.07
[进度] 6,012,928/100,000,000 (6.0%)  FPS≈1585  阶段=stage2_linear  速度=0.39  直行间隔=180  aim=0.100/lead  rotate=-0.07
[进度] 6,029,312/100,000,000 (6.0%)  FPS≈1595  阶段=stage2_linear  速度=0.41  直行间隔=180  aim=0.100/lead  rotate=-0.07
[进度] 6,045,696/100,000,000 (6.0%)  FPS≈1622  阶段=stage2_linear  速度=0.44  直行间隔=180  aim=0.100/lead  rotate=-0.07
[进度] 6,062,080/100,000,000 (6.1%)  FPS≈1573  阶段=stage2_linear  速度=0.47  直行间隔=180  aim=0.100/lead  rotate=-0.07
[进度] 6,078,464/100,000,000 (6.1%)  FPS≈1615  阶段=stage2_linear  速度=0.50  直行间隔=180  aim=0.100/lead  rotate=-0.07
[存盘] 课程元数据 model_t6078464_stage1_stage2_linear.curriculum.json  stage=stage2_linear  bot=linear v=0.50
[存盘] runs/curriculum_aim/20260922_222630/checkpoints/model_t6078464_stage1_stage2_linear.zip
[评测] 开始（100 局）…
  [评测进度] 10/100  kill(命中/开火)=0.429  direct(直击/开火)=0.357  弹数=28
  [评测进度] 20/100  kill(命中/开火)=0.479  direct(直击/开火)=0.417  弹数=48
  [评测进度] 30/100  kill(命中/开火)=0.458  direct(直击/开火)=0.417  弹数=72
  [评测进度] 40/100  kill(命中/开火)=0.450  direct(直击/开火)=0.367  弹数=109
  [评测进度] 50/100  kill(命中/开火)=0.470  direct(直击/开火)=0.379  弹数=132
  [评测进度] 60/100  kill(命中/开火)=0.451  direct(直击/开火)=0.358  弹数=162
  [评测进度] 70/100  kill(命中/开火)=0.436  direct(直击/开火)=0.356  弹数=188
  [评测进度] 80/100  kill(命中/开火)=0.440  direct(直击/开火)=0.353  弹数=218
  [评测进度] 90/100  kill(命中/开火)=0.444  direct(直击/开火)=0.361  弹数=241
  [评测进度] 100/100  kill(命中/开火)=0.440  direct(直击/开火)=0.349  弹数=275
------------------------------------------------------------
[评测] 阶段=stage2_linear  局数=100
  kill_rate(命中/开火) = 0.440  hit_rate(直击/开火) = 0.349  中位TTK = 138
  TTK口径     : 首直击步数；无直击=该局结束步数（评测步限封顶）
  晋级条件 直击/开火 hit_rate≥0.06  当前=0.349  → 指标达标
  附加门槛 : 需对手速度≥1.00（当前=0.50）
  转向阶梯中 : phase=3  rotate=-0.07  （此期间不晋级下一阶段，只按 hit_rate 下调转向）
  未晋级阶段：转向阶梯进行中（属预期）
------------------------------------------------------------
[进度] 6,094,848/100,000,000 (6.1%)  FPS≈1547  阶段=stage2_linear  速度=0.53  直行间隔=180  aim=0.100/lead  rotate=-0.07
[进度] 6,111,232/100,000,000 (6.1%)  FPS≈1559  阶段=stage2_linear  速度=0.56  直行间隔=180  aim=0.100/lead  rotate=-0.07
[进度] 6,127,616/100,000,000 (6.1%)  FPS≈1605  阶段=stage2_linear  速度=0.59  直行间隔=180  aim=0.100/lead  rotate=-0.07
[进度] 6,144,000/100,000,000 (6.1%)  FPS≈1577  阶段=stage2_linear  速度=0.62  直行间隔=180  aim=0.100/lead  rotate=-0.07
[进度] 6,160,384/100,000,000 (6.2%)  FPS≈1606  阶段=stage2_linear  速度=0.64  直行间隔=180  aim=0.100/lead  rotate=-0.07
[进度] 6,176,768/100,000,000 (6.2%)  FPS≈1559  阶段=stage2_linear  速度=0.67  直行间隔=180  aim=0.100/lead  rotate=-0.07
[进度] 6,193,152/100,000,000 (6.2%)  FPS≈1658  阶段=stage2_linear  速度=0.70  直行间隔=180  aim=0.100/lead  rotate=-0.07
[存盘] 课程元数据 model_t6193152_stage1_stage2_linear.curriculum.json  stage=stage2_linear  bot=linear v=0.70
[存盘] runs/curriculum_aim/20260922_222630/checkpoints/model_t6193152_stage1_stage2_linear.zip
[评测] 开始（100 局）…
  [评测进度] 10/100  kill(命中/开火)=0.481  direct(直击/开火)=0.370  弹数=27
  [评测进度] 20/100  kill(命中/开火)=0.413  direct(直击/开火)=0.286  弹数=63
  [评测进度] 30/100  kill(命中/开火)=0.421  direct(直击/开火)=0.295  弹数=95
  [评测进度] 40/100  kill(命中/开火)=0.402  direct(直击/开火)=0.299  弹数=127
  [评测进度] 50/100  kill(命中/开火)=0.386  direct(直击/开火)=0.283  弹数=166
  [评测进度] 60/100  kill(命中/开火)=0.397  direct(直击/开火)=0.302  弹数=189
  [评测进度] 70/100  kill(命中/开火)=0.407  direct(直击/开火)=0.310  弹数=216
  [评测进度] 80/100  kill(命中/开火)=0.415  direct(直击/开火)=0.313  弹数=246
  [评测进度] 90/100  kill(命中/开火)=0.423  direct(直击/开火)=0.320  弹数=272
  [评测进度] 100/100  kill(命中/开火)=0.411  direct(直击/开火)=0.303  弹数=314
------------------------------------------------------------
[评测] 阶段=stage2_linear  局数=100
  kill_rate(命中/开火) = 0.411  hit_rate(直击/开火) = 0.303  中位TTK = 195
  TTK口径     : 首直击步数；无直击=该局结束步数（评测步限封顶）
  晋级条件 直击/开火 hit_rate≥0.06  当前=0.303  → 指标达标
  附加门槛 : 需对手速度≥1.00（当前=0.70）
  转向阶梯中 : phase=3  rotate=-0.07  （此期间不晋级下一阶段，只按 hit_rate 下调转向）
  未晋级阶段：转向阶梯进行中（属预期）
------------------------------------------------------------
[进度] 6,209,536/100,000,000 (6.2%)  FPS≈1691  阶段=stage2_linear  速度=0.73  直行间隔=180  aim=0.100/lead  rotate=-0.07
[进度] 6,225,920/100,000,000 (6.2%)  FPS≈1619  阶段=stage2_linear  速度=0.76  直行间隔=180  aim=0.100/lead  rotate=-0.07
[进度] 6,242,304/100,000,000 (6.2%)  FPS≈1555  阶段=stage2_linear  速度=0.79  直行间隔=180  aim=0.100/lead  rotate=-0.07
[进度] 6,258,688/100,000,000 (6.3%)  FPS≈1621  阶段=stage2_linear  速度=0.82  直行间隔=180  aim=0.100/lead  rotate=-0.07
[进度] 6,275,072/100,000,000 (6.3%)  FPS≈1549  阶段=stage2_linear  速度=0.84  直行间隔=180  aim=0.100/lead  rotate=-0.07
[进度] 6,291,456/100,000,000 (6.3%)  FPS≈1628  阶段=stage2_linear  速度=0.87  直行间隔=180  aim=0.100/lead  rotate=-0.07
[进度] 6,307,840/100,000,000 (6.3%)  FPS≈1601  阶段=stage2_linear  速度=0.90  直行间隔=180  aim=0.100/lead  rotate=-0.07
[存盘] 课程元数据 model_t6307840_stage1_stage2_linear.curriculum.json  stage=stage2_linear  bot=linear v=0.90
[存盘] runs/curriculum_aim/20260922_222630/checkpoints/model_t6307840_stage1_stage2_linear.zip
[评测] 开始（100 局）…
  [评测进度] 10/100  kill(命中/开火)=0.265  direct(直击/开火)=0.206  弹数=34
  [评测进度] 20/100  kill(命中/开火)=0.323  direct(直击/开火)=0.262  弹数=65
  [评测进度] 30/100  kill(命中/开火)=0.396  direct(直击/开火)=0.297  弹数=91
  [评测进度] 40/100  kill(命中/开火)=0.405  direct(直击/开火)=0.319  弹数=116
  [评测进度] 50/100  kill(命中/开火)=0.420  direct(直击/开火)=0.313  弹数=150
  [评测进度] 60/100  kill(命中/开火)=0.413  direct(直击/开火)=0.318  弹数=179
  [评测进度] 70/100  kill(命中/开火)=0.424  direct(直击/开火)=0.327  弹数=205
  [评测进度] 80/100  kill(命中/开火)=0.407  direct(直击/开火)=0.302  弹数=248
  [评测进度] 90/100  kill(命中/开火)=0.401  direct(直击/开火)=0.299  弹数=284
  [评测进度] 100/100  kill(命中/开火)=0.414  direct(直击/开火)=0.303  弹数=314
------------------------------------------------------------
[评测] 阶段=stage2_linear  局数=100
  kill_rate(命中/开火) = 0.414  hit_rate(直击/开火) = 0.303  中位TTK = 203
  TTK口径     : 首直击步数；无直击=该局结束步数（评测步限封顶）
  晋级条件 直击/开火 hit_rate≥0.06  当前=0.303  → 指标达标
  附加门槛 : 需对手速度≥1.00（当前=0.90）
  转向阶梯中 : phase=3  rotate=-0.07  （此期间不晋级下一阶段，只按 hit_rate 下调转向）
  未晋级阶段：转向阶梯进行中（属预期）
------------------------------------------------------------
[进度] 6,324,224/100,000,000 (6.3%)  FPS≈1626  阶段=stage2_linear  速度=0.93  直行间隔=180  aim=0.100/lead  rotate=-0.07
[进度] 6,340,608/100,000,000 (6.3%)  FPS≈1634  阶段=stage2_linear  速度=0.96  直行间隔=180  aim=0.100/lead  rotate=-0.07
[进度] 6,356,992/100,000,000 (6.4%)  FPS≈1685  阶段=stage2_linear  速度=0.99  直行间隔=180  aim=0.100/lead  rotate=-0.07
[进度] 6,373,376/100,000,000 (6.4%)  FPS≈1670  阶段=stage2_linear  速度=1.00  直行间隔=180  aim=0.100/lead  rotate=-0.07
[进度] 6,389,760/100,000,000 (6.4%)  FPS≈1711  阶段=stage2_linear  速度=1.00  直行间隔=180  aim=0.100/lead  rotate=-0.07
[进度] 6,406,144/100,000,000 (6.4%)  FPS≈1666  阶段=stage2_linear  速度=1.00  直行间隔=180  aim=0.100/lead  rotate=-0.07
[进度] 6,422,528/100,000,000 (6.4%)  FPS≈1563  阶段=stage2_linear  速度=1.00  直行间隔=180  aim=0.100/lead  rotate=-0.07
[存盘] 课程元数据 model_t6422528_stage1_stage2_linear.curriculum.json  stage=stage2_linear  bot=linear v=1.00
[存盘] runs/curriculum_aim/20260922_222630/checkpoints/model_t6422528_stage1_stage2_linear.zip
[评测] 开始（100 局）…
  [评测进度] 10/100  kill(命中/开火)=0.444  direct(直击/开火)=0.370  弹数=27
  [评测进度] 20/100  kill(命中/开火)=0.478  direct(直击/开火)=0.284  弹数=67
  [评测进度] 30/100  kill(命中/开火)=0.452  direct(直击/开火)=0.279  弹数=104
  [评测进度] 40/100  kill(命中/开火)=0.443  direct(直击/开火)=0.290  弹数=131
  [评测进度] 50/100  kill(命中/开火)=0.447  direct(直击/开火)=0.292  弹数=161
  [评测进度] 60/100  kill(命中/开火)=0.443  direct(直击/开火)=0.292  弹数=192
  [评测进度] 70/100  kill(命中/开火)=0.435  direct(直击/开火)=0.296  弹数=223
  [评测进度] 80/100  kill(命中/开火)=0.434  direct(直击/开火)=0.301  弹数=249
  [评测进度] 90/100  kill(命中/开火)=0.424  direct(直击/开火)=0.297  弹数=283
  [评测进度] 100/100  kill(命中/开火)=0.424  direct(直击/开火)=0.302  弹数=311
------------------------------------------------------------
[评测] 阶段=stage2_linear  局数=100
  kill_rate(命中/开火) = 0.424  hit_rate(直击/开火) = 0.302  中位TTK = 198
  TTK口径     : 首直击步数；无直击=该局结束步数（评测步限封顶）
  晋级条件 直击/开火 hit_rate≥0.06  当前=0.302  → 指标达标
  附加门槛 : 需对手速度≥1.00（当前=1.00）
  转向阶梯中 : phase=3  rotate=-0.07  （此期间不晋级下一阶段，只按 hit_rate 下调转向）
  未晋级阶段：转向阶梯进行中（属预期）
------------------------------------------------------------
[进度] 6,438,912/100,000,000 (6.4%)  FPS≈1649  阶段=stage2_linear  速度=1.00  直行间隔=180  aim=0.100/lead  rotate=-0.07
[进度] 6,455,296/100,000,000 (6.5%)  FPS≈1626  阶段=stage2_linear  速度=1.00  直行间隔=180  aim=0.100/lead  rotate=-0.07
[进度] 6,471,680/100,000,000 (6.5%)  FPS≈1697  阶段=stage2_linear  速度=1.00  直行间隔=180  aim=0.100/lead  rotate=-0.07
[进度] 6,488,064/100,000,000 (6.5%)  FPS≈1616  阶段=stage2_linear  速度=1.00  直行间隔=180  aim=0.100/lead  rotate=-0.07
[进度] 6,504,448/100,000,000 (6.5%)  FPS≈1646  阶段=stage2_linear  速度=1.00  直行间隔=180  aim=0.100/lead  rotate=-0.07
[进度] 6,520,832/100,000,000 (6.5%)  FPS≈1633  阶段=stage2_linear  速度=1.00  直行间隔=180  aim=0.100/lead  rotate=-0.07
[进度] 6,537,216/100,000,000 (6.5%)  FPS≈1682  阶段=stage2_linear  速度=1.00  直行间隔=180  aim=0.100/lead  rotate=-0.07
[存盘] 课程元数据 model_t6537216_stage1_stage2_linear.curriculum.json  stage=stage2_linear  bot=linear v=1.00
[存盘] runs/curriculum_aim/20260922_222630/checkpoints/model_t6537216_stage1_stage2_linear.zip
[评测] 开始（100 局）…
  [评测进度] 10/100  kill(命中/开火)=0.448  direct(直击/开火)=0.310  弹数=29
  [评测进度] 20/100  kill(命中/开火)=0.403  direct(直击/开火)=0.290  弹数=62
  [评测进度] 30/100  kill(命中/开火)=0.409  direct(直击/开火)=0.301  弹数=93
  [评测进度] 40/100  kill(命中/开火)=0.425  direct(直击/开火)=0.317  弹数=120
  [评测进度] 50/100  kill(命中/开火)=0.412  direct(直击/开火)=0.307  弹数=153
  [评测进度] 60/100  kill(命中/开火)=0.403  direct(直击/开火)=0.283  弹数=191
  [评测进度] 70/100  kill(命中/开火)=0.405  direct(直击/开火)=0.286  弹数=220
  [评测进度] 80/100  kill(命中/开火)=0.407  direct(直击/开火)=0.286  弹数=248
  [评测进度] 90/100  kill(命中/开火)=0.397  direct(直击/开火)=0.284  弹数=282
  [评测进度] 100/100  kill(命中/开火)=0.399  direct(直击/开火)=0.278  弹数=316
------------------------------------------------------------
[评测] 阶段=stage2_linear  局数=100
  kill_rate(命中/开火) = 0.399  hit_rate(直击/开火) = 0.278  中位TTK = 226
  TTK口径     : 首直击步数；无直击=该局结束步数（评测步限封顶）
  晋级条件 直击/开火 hit_rate≥0.06  当前=0.278  → 指标达标
  附加门槛 : 需对手速度≥1.00（当前=1.00）
  转向阶梯中 : phase=3  rotate=-0.07  （此期间不晋级下一阶段，只按 hit_rate 下调转向）
  未晋级阶段：转向阶梯进行中（属预期）
------------------------------------------------------------
[进度] 6,553,600/100,000,000 (6.6%)  FPS≈1709  阶段=stage2_linear  速度=1.00  直行间隔=180  aim=0.100/lead  rotate=-0.07
[进度] 6,569,984/100,000,000 (6.6%)  FPS≈1667  阶段=stage2_linear  速度=1.00  直行间隔=180  aim=0.100/lead  rotate=-0.07
[进度] 6,586,368/100,000,000 (6.6%)  FPS≈1663  阶段=stage2_linear  速度=1.00  直行间隔=180  aim=0.100/lead  rotate=-0.07
[进度] 6,602,752/100,000,000 (6.6%)  FPS≈1636  阶段=stage2_linear  速度=1.00  直行间隔=180  aim=0.100/lead  rotate=-0.07
[进度] 6,619,136/100,000,000 (6.6%)  FPS≈1659  阶段=stage2_linear  速度=1.00  直行间隔=180  aim=0.100/lead  rotate=-0.07
[进度] 6,635,520/100,000,000 (6.6%)  FPS≈1661  阶段=stage2_linear  速度=1.00  直行间隔=180  aim=0.100/lead  rotate=-0.07
[进度] 6,651,904/100,000,000 (6.7%)  FPS≈1628  阶段=stage2_linear  速度=1.00  直行间隔=180  aim=0.100/lead  rotate=-0.07
[存盘] 课程元数据 model_t6651904_stage1_stage2_linear.curriculum.json  stage=stage2_linear  bot=linear v=1.00
[存盘] runs/curriculum_aim/20260922_222630/checkpoints/model_t6651904_stage1_stage2_linear.zip
[评测] 开始（100 局）…
  [评测进度] 10/100  kill(命中/开火)=0.367  direct(直击/开火)=0.267  弹数=30
  [评测进度] 20/100  kill(命中/开火)=0.387  direct(直击/开火)=0.290  弹数=62
  [评测进度] 30/100  kill(命中/开火)=0.398  direct(直击/开火)=0.290  弹数=93
  [评测进度] 40/100  kill(命中/开火)=0.391  direct(直击/开火)=0.246  弹数=138
  [评测进度] 50/100  kill(命中/开火)=0.392  direct(直击/开火)=0.246  弹数=171
  [评测进度] 60/100  kill(命中/开火)=0.399  direct(直击/开火)=0.251  弹数=203
  [评测进度] 70/100  kill(命中/开火)=0.404  direct(直击/开火)=0.255  弹数=235
  [评测进度] 80/100  kill(命中/开火)=0.413  direct(直击/开火)=0.258  弹数=264
  [评测进度] 90/100  kill(命中/开火)=0.416  direct(直击/开火)=0.268  弹数=291
  [评测进度] 100/100  kill(命中/开火)=0.417  direct(直击/开火)=0.268  弹数=321
------------------------------------------------------------
[评测] 阶段=stage2_linear  局数=100
  kill_rate(命中/开火) = 0.417  hit_rate(直击/开火) = 0.268  中位TTK = 218
  TTK口径     : 首直击步数；无直击=该局结束步数（评测步限封顶）
  晋级条件 直击/开火 hit_rate≥0.06  当前=0.268  → 指标达标
  附加门槛 : 需对手速度≥1.00（当前=1.00）
  转向阶梯中 : phase=3  rotate=-0.07  （此期间不晋级下一阶段，只按 hit_rate 下调转向）
  未晋级阶段：转向阶梯进行中（属预期）
------------------------------------------------------------
[进度] 6,668,288/100,000,000 (6.7%)  FPS≈1553  阶段=stage2_linear  速度=1.00  直行间隔=180  aim=0.100/lead  rotate=-0.07
[进度] 6,684,672/100,000,000 (6.7%)  FPS≈1567  阶段=stage2_linear  速度=1.00  直行间隔=180  aim=0.100/lead  rotate=-0.07
[进度] 6,701,056/100,000,000 (6.7%)  FPS≈1525  阶段=stage2_linear  速度=1.00  直行间隔=180  aim=0.100/lead  rotate=-0.07
[进度] 6,717,440/100,000,000 (6.7%)  FPS≈1626  阶段=stage2_linear  速度=1.00  直行间隔=180  aim=0.100/lead  rotate=-0.07
[进度] 6,733,824/100,000,000 (6.7%)  FPS≈1660  阶段=stage2_linear  速度=1.00  直行间隔=180  aim=0.100/lead  rotate=-0.07
[进度] 6,750,208/100,000,000 (6.8%)  FPS≈1639  阶段=stage2_linear  速度=1.00  直行间隔=180  aim=0.100/lead  rotate=-0.07
[进度] 6,766,592/100,000,000 (6.8%)  FPS≈1640  阶段=stage2_linear  速度=1.00  直行间隔=180  aim=0.100/lead  rotate=-0.07
[存盘] 课程元数据 model_t6766592_stage1_stage2_linear.curriculum.json  stage=stage2_linear  bot=linear v=1.00
[存盘] runs/curriculum_aim/20260922_222630/checkpoints/model_t6766592_stage1_stage2_linear.zip
[评测] 开始（100 局）…
  [评测进度] 10/100  kill(命中/开火)=0.424  direct(直击/开火)=0.303  弹数=33
  [评测进度] 20/100  kill(命中/开火)=0.388  direct(直击/开火)=0.284  弹数=67
  [评测进度] 30/100  kill(命中/开火)=0.406  direct(直击/开火)=0.281  弹数=96
  [评测进度] 40/100  kill(命中/开火)=0.415  direct(直击/开火)=0.293  弹数=123
  [评测进度] 50/100  kill(命中/开火)=0.364  direct(直击/开火)=0.272  弹数=162
  [评测进度] 60/100  kill(命中/开火)=0.367  direct(直击/开火)=0.282  弹数=188
  [评测进度] 70/100  kill(命中/开火)=0.375  direct(直击/开火)=0.268  弹数=224
  [评测进度] 80/100  kill(命中/开火)=0.368  direct(直击/开火)=0.264  弹数=258
  [评测进度] 90/100  kill(命中/开火)=0.363  direct(直击/开火)=0.260  弹数=292
  [评测进度] 100/100  kill(命中/开火)=0.370  direct(直击/开火)=0.269  弹数=316
------------------------------------------------------------
[评测] 阶段=stage2_linear  局数=100
  kill_rate(命中/开火) = 0.370  hit_rate(直击/开火) = 0.269  中位TTK = 221
  TTK口径     : 首直击步数；无直击=该局结束步数（评测步限封顶）
  晋级条件 直击/开火 hit_rate≥0.06  当前=0.269  → 指标达标
  附加门槛 : 需对手速度≥1.00（当前=1.00）
  转向阶梯中 : phase=3  rotate=-0.07  （此期间不晋级下一阶段，只按 hit_rate 下调转向）
  未晋级阶段：转向阶梯进行中（属预期）
------------------------------------------------------------
[进度] 6,782,976/100,000,000 (6.8%)  FPS≈1619  阶段=stage2_linear  速度=1.00  直行间隔=180  aim=0.100/lead  rotate=-0.07
[进度] 6,799,360/100,000,000 (6.8%)  FPS≈1703  阶段=stage2_linear  速度=1.00  直行间隔=180  aim=0.100/lead  rotate=-0.07
[进度] 6,815,744/100,000,000 (6.8%)  FPS≈1690  阶段=stage2_linear  速度=1.00  直行间隔=180  aim=0.100/lead  rotate=-0.07
[进度] 6,832,128/100,000,000 (6.8%)  FPS≈1661  阶段=stage2_linear  速度=1.00  直行间隔=180  aim=0.100/lead  rotate=-0.07
[进度] 6,848,512/100,000,000 (6.8%)  FPS≈1668  阶段=stage2_linear  速度=1.00  直行间隔=180  aim=0.100/lead  rotate=-0.07
[进度] 6,864,896/100,000,000 (6.9%)  FPS≈1578  阶段=stage2_linear  速度=1.00  直行间隔=180  aim=0.100/lead  rotate=-0.07
[进度] 6,881,280/100,000,000 (6.9%)  FPS≈1619  阶段=stage2_linear  速度=1.00  直行间隔=180  aim=0.100/lead  rotate=-0.07
[存盘] 课程元数据 model_t6881280_stage1_stage2_linear.curriculum.json  stage=stage2_linear  bot=linear v=1.00
[存盘] runs/curriculum_aim/20260922_222630/checkpoints/model_t6881280_stage1_stage2_linear.zip
[评测] 开始（100 局）…
  [评测进度] 10/100  kill(命中/开火)=0.231  direct(直击/开火)=0.179  弹数=39
  [评测进度] 20/100  kill(命中/开火)=0.328  direct(直击/开火)=0.224  弹数=67
  [评测进度] 30/100  kill(命中/开火)=0.295  direct(直击/开火)=0.200  弹数=105
  [评测进度] 40/100  kill(命中/开火)=0.333  direct(直击/开火)=0.246  弹数=126
  [评测进度] 50/100  kill(命中/开火)=0.338  direct(直击/开火)=0.260  弹数=154
  [评测进度] 60/100  kill(命中/开火)=0.356  direct(直击/开火)=0.277  弹数=177
  [评测进度] 70/100  kill(命中/开火)=0.365  direct(直击/开火)=0.291  弹数=203
  [评测进度] 80/100  kill(命中/开火)=0.370  direct(直击/开火)=0.296  弹数=230
  [评测进度] 90/100  kill(命中/开火)=0.380  direct(直击/开火)=0.289  弹数=263
  [评测进度] 100/100  kill(命中/开火)=0.385  direct(直击/开火)=0.296  弹数=291
------------------------------------------------------------
[评测] 阶段=stage2_linear  局数=100
  kill_rate(命中/开火) = 0.385  hit_rate(直击/开火) = 0.296  中位TTK = 168
  TTK口径     : 首直击步数；无直击=该局结束步数（评测步限封顶）
  晋级条件 直击/开火 hit_rate≥0.06  当前=0.296  → 指标达标
  附加门槛 : 需对手速度≥1.00（当前=1.00）
  转向阶梯中 : phase=3  rotate=-0.07  （此期间不晋级下一阶段，只按 hit_rate 下调转向）
  未晋级阶段：转向阶梯进行中（属预期）
------------------------------------------------------------
[进度] 6,897,664/100,000,000 (6.9%)  FPS≈1571  阶段=stage2_linear  速度=1.00  直行间隔=180  aim=0.100/lead  rotate=-0.07
[进度] 6,914,048/100,000,000 (6.9%)  FPS≈1627  阶段=stage2_linear  速度=1.00  直行间隔=180  aim=0.100/lead  rotate=-0.07
[进度] 6,930,432/100,000,000 (6.9%)  FPS≈1634  阶段=stage2_linear  速度=1.00  直行间隔=180  aim=0.100/lead  rotate=-0.07
[进度] 6,946,816/100,000,000 (6.9%)  FPS≈1664  阶段=stage2_linear  速度=1.00  直行间隔=180  aim=0.100/lead  rotate=-0.07
[进度] 6,963,200/100,000,000 (7.0%)  FPS≈1611  阶段=stage2_linear  速度=1.00  直行间隔=180  aim=0.100/lead  rotate=-0.07
[进度] 6,979,584/100,000,000 (7.0%)  FPS≈1636  阶段=stage2_linear  速度=1.00  直行间隔=180  aim=0.100/lead  rotate=-0.07
[进度] 6,995,968/100,000,000 (7.0%)  FPS≈1671  阶段=stage2_linear  速度=1.00  直行间隔=180  aim=0.100/lead  rotate=-0.07
[存盘] 课程元数据 model_t6995968_stage1_stage2_linear.curriculum.json  stage=stage2_linear  bot=linear v=1.00
[存盘] runs/curriculum_aim/20260922_222630/checkpoints/model_t6995968_stage1_stage2_linear.zip
[评测] 开始（100 局）…
  [评测进度] 10/100  kill(命中/开火)=0.400  direct(直击/开火)=0.300  弹数=30
  [评测进度] 20/100  kill(命中/开火)=0.375  direct(直击/开火)=0.266  弹数=64
  [评测进度] 30/100  kill(命中/开火)=0.350  direct(直击/开火)=0.243  弹数=103
  [评测进度] 40/100  kill(命中/开火)=0.353  direct(直击/开火)=0.243  弹数=136
  [评测进度] 50/100  kill(命中/开火)=0.339  direct(直击/开火)=0.246  弹数=171
  [评测进度] 60/100  kill(命中/开火)=0.330  direct(直击/开火)=0.243  弹数=206
  [评测进度] 70/100  kill(命中/开火)=0.325  direct(直击/开火)=0.236  弹数=246
  [评测进度] 80/100  kill(命中/开火)=0.335  direct(直击/开火)=0.236  弹数=284
  [评测进度] 90/100  kill(命中/开火)=0.333  direct(直击/开火)=0.237  弹数=321
  [评测进度] 100/100  kill(命中/开火)=0.332  direct(直击/开火)=0.225  弹数=365
------------------------------------------------------------
[评测] 阶段=stage2_linear  局数=100
  kill_rate(命中/开火) = 0.332  hit_rate(直击/开火) = 0.225  中位TTK = 228
  TTK口径     : 首直击步数；无直击=该局结束步数（评测步限封顶）
  晋级条件 直击/开火 hit_rate≥0.06  当前=0.225  → 指标达标
  附加门槛 : 需对手速度≥1.00（当前=1.00）
  转向阶梯中 : phase=3  rotate=-0.07  （此期间不晋级下一阶段，只按 hit_rate 下调转向）
  未晋级阶段：转向阶梯进行中（属预期）
------------------------------------------------------------
[进度] 7,012,352/100,000,000 (7.0%)  FPS≈1559  阶段=stage2_linear  速度=1.00  直行间隔=180  aim=0.100/lead  rotate=-0.07
[进度] 7,028,736/100,000,000 (7.0%)  FPS≈1478  阶段=stage2_linear  速度=1.00  直行间隔=180  aim=0.100/lead  rotate=-0.07
[进度] 7,045,120/100,000,000 (7.0%)  FPS≈1482  阶段=stage2_linear  速度=1.00  直行间隔=180  aim=0.100/lead  rotate=-0.07
[进度] 7,061,504/100,000,000 (7.1%)  FPS≈1607  阶段=stage2_linear  速度=1.00  直行间隔=180  aim=0.100/lead  rotate=-0.07
[进度] 7,077,888/100,000,000 (7.1%)  FPS≈1676  阶段=stage2_linear  速度=1.00  直行间隔=180  aim=0.100/lead  rotate=-0.07
[进度] 7,094,272/100,000,000 (7.1%)  FPS≈1612  阶段=stage2_linear  速度=1.00  直行间隔=180  aim=0.100/lead  rotate=-0.07
[进度] 7,110,656/100,000,000 (7.1%)  FPS≈1584  阶段=stage2_linear  速度=1.00  直行间隔=180  aim=0.100/lead  rotate=-0.07
[存盘] 课程元数据 model_t7110656_stage1_stage2_linear.curriculum.json  stage=stage2_linear  bot=linear v=1.00
[存盘] runs/curriculum_aim/20260922_222630/checkpoints/model_t7110656_stage1_stage2_linear.zip
[评测] 开始（100 局）…
  [评测进度] 10/100  kill(命中/开火)=0.414  direct(直击/开火)=0.310  弹数=29
  [评测进度] 20/100  kill(命中/开火)=0.478  direct(直击/开火)=0.232  弹数=69
  [评测进度] 30/100  kill(命中/开火)=0.456  direct(直击/开火)=0.243  弹数=103
  [评测进度] 40/100  kill(命中/开火)=0.403  direct(直击/开火)=0.215  弹数=149
  [评测进度] 50/100  kill(命中/开火)=0.396  direct(直击/开火)=0.220  弹数=182
  [评测进度] 60/100  kill(命中/开火)=0.410  direct(直击/开火)=0.226  弹数=217
  [评测进度] 70/100  kill(命中/开火)=0.419  direct(直击/开火)=0.225  弹数=253
  [评测进度] 80/100  kill(命中/开火)=0.423  direct(直击/开火)=0.231  弹数=286
  [评测进度] 90/100  kill(命中/开火)=0.425  direct(直击/开火)=0.236  弹数=318
  [评测进度] 100/100  kill(命中/开火)=0.429  direct(直击/开火)=0.242  弹数=347
------------------------------------------------------------
[评测] 阶段=stage2_linear  局数=100
  kill_rate(命中/开火) = 0.429  hit_rate(直击/开火) = 0.242  中位TTK = 266
  TTK口径     : 首直击步数；无直击=该局结束步数（评测步限封顶）
  晋级条件 直击/开火 hit_rate≥0.06  当前=0.242  → 指标达标
  附加门槛 : 需对手速度≥1.00（当前=1.00）
  转向阶梯中 : phase=3  rotate=-0.07  （此期间不晋级下一阶段，只按 hit_rate 下调转向）
  未晋级阶段：转向阶梯进行中（属预期）
------------------------------------------------------------
[进度] 7,127,040/100,000,000 (7.1%)  FPS≈1657  阶段=stage2_linear  速度=1.00  直行间隔=180  aim=0.100/lead  rotate=-0.07
[进度] 7,143,424/100,000,000 (7.1%)  FPS≈1605  阶段=stage2_linear  速度=1.00  直行间隔=180  aim=0.100/lead  rotate=-0.07
[进度] 7,159,808/100,000,000 (7.2%)  FPS≈1535  阶段=stage2_linear  速度=1.00  直行间隔=180  aim=0.100/lead  rotate=-0.07
[进度] 7,176,192/100,000,000 (7.2%)  FPS≈1563  阶段=stage2_linear  速度=1.00  直行间隔=180  aim=0.100/lead  rotate=-0.07
[进度] 7,192,576/100,000,000 (7.2%)  FPS≈1571  阶段=stage2_linear  速度=1.00  直行间隔=180  aim=0.100/lead  rotate=-0.07
[进度] 7,208,960/100,000,000 (7.2%)  FPS≈1567  阶段=stage2_linear  速度=1.00  直行间隔=180  aim=0.100/lead  rotate=-0.07
[进度] 7,225,344/100,000,000 (7.2%)  FPS≈1613  阶段=stage2_linear  速度=1.00  直行间隔=180  aim=0.100/lead  rotate=-0.07
[存盘] 课程元数据 model_t7225344_stage1_stage2_linear.curriculum.json  stage=stage2_linear  bot=linear v=1.00
[存盘] runs/curriculum_aim/20260922_222630/checkpoints/model_t7225344_stage1_stage2_linear.zip
[评测] 开始（100 局）…
  [评测进度] 10/100  kill(命中/开火)=0.267  direct(直击/开火)=0.178  弹数=45
  [评测进度] 20/100  kill(命中/开火)=0.346  direct(直击/开火)=0.218  弹数=78
  [评测进度] 30/100  kill(命中/开火)=0.368  direct(直击/开火)=0.245  弹数=106
  [评测进度] 40/100  kill(命中/开火)=0.338  direct(直击/开火)=0.223  弹数=148
  [评测进度] 50/100  kill(命中/开火)=0.332  direct(直击/开火)=0.219  弹数=187
  [评测进度] 60/100  kill(命中/开火)=0.339  direct(直击/开火)=0.219  弹数=224
  [评测进度] 70/100  kill(命中/开火)=0.360  direct(直击/开火)=0.221  弹数=258
  [评测进度] 80/100  kill(命中/开火)=0.360  direct(直击/开火)=0.219  弹数=297
  [评测进度] 90/100  kill(命中/开火)=0.368  direct(直击/开火)=0.230  弹数=326
  [评测进度] 100/100  kill(命中/开火)=0.370  direct(直击/开火)=0.220  弹数=368
------------------------------------------------------------
[评测] 阶段=stage2_linear  局数=100
  kill_rate(命中/开火) = 0.370  hit_rate(直击/开火) = 0.220  中位TTK = 228
  TTK口径     : 首直击步数；无直击=该局结束步数（评测步限封顶）
  晋级条件 直击/开火 hit_rate≥0.06  当前=0.220  → 指标达标
  附加门槛 : 需对手速度≥1.00（当前=1.00）
  转向阶梯中 : phase=3  rotate=-0.07  （此期间不晋级下一阶段，只按 hit_rate 下调转向）
  未晋级阶段：转向阶梯进行中（属预期）
------------------------------------------------------------
[进度] 7,241,728/100,000,000 (7.2%)  FPS≈1612  阶段=stage2_linear  速度=1.00  直行间隔=180  aim=0.100/lead  rotate=-0.07
[进度] 7,258,112/100,000,000 (7.3%)  FPS≈1622  阶段=stage2_linear  速度=1.00  直行间隔=180  aim=0.100/lead  rotate=-0.07
[进度] 7,274,496/100,000,000 (7.3%)  FPS≈1559  阶段=stage2_linear  速度=1.00  直行间隔=180  aim=0.100/lead  rotate=-0.07
[进度] 7,290,880/100,000,000 (7.3%)  FPS≈1558  阶段=stage2_linear  速度=1.00  直行间隔=180  aim=0.100/lead  rotate=-0.07
[进度] 7,307,264/100,000,000 (7.3%)  FPS≈1538  阶段=stage2_linear  速度=1.00  直行间隔=180  aim=0.100/lead  rotate=-0.07
[进度] 7,323,648/100,000,000 (7.3%)  FPS≈1576  阶段=stage2_linear  速度=1.00  直行间隔=180  aim=0.100/lead  rotate=-0.07
[进度] 7,340,032/100,000,000 (7.3%)  FPS≈1583  阶段=stage2_linear  速度=1.00  直行间隔=180  aim=0.100/lead  rotate=-0.07
[存盘] 课程元数据 model_t7340032_stage1_stage2_linear.curriculum.json  stage=stage2_linear  bot=linear v=1.00
[存盘] runs/curriculum_aim/20260922_222630/checkpoints/model_t7340032_stage1_stage2_linear.zip
[评测] 开始（100 局）…
  [评测进度] 10/100  kill(命中/开火)=0.436  direct(直击/开火)=0.179  弹数=39
  [评测进度] 20/100  kill(命中/开火)=0.522  direct(直击/开火)=0.224  弹数=67
  [评测进度] 30/100  kill(命中/开火)=0.511  direct(直击/开火)=0.278  弹数=90
  [评测进度] 40/100  kill(命中/开火)=0.452  direct(直击/开火)=0.262  弹数=126
  [评测进度] 50/100  kill(命中/开火)=0.435  direct(直击/开火)=0.241  弹数=170
  [评测进度] 60/100  kill(命中/开火)=0.438  direct(直击/开火)=0.254  弹数=201
  [评测进度] 70/100  kill(命中/开火)=0.432  direct(直击/开火)=0.254  弹数=236
  [评测进度] 80/100  kill(命中/开火)=0.427  direct(直击/开火)=0.248  弹数=274
  [评测进度] 90/100  kill(命中/开火)=0.415  direct(直击/开火)=0.248  弹数=306
  [评测进度] 100/100  kill(命中/开火)=0.423  direct(直击/开火)=0.253  弹数=336
------------------------------------------------------------
[评测] 阶段=stage2_linear  局数=100
  kill_rate(命中/开火) = 0.423  hit_rate(直击/开火) = 0.253  中位TTK = 220
  TTK口径     : 首直击步数；无直击=该局结束步数（评测步限封顶）
  晋级条件 直击/开火 hit_rate≥0.06  当前=0.253  → 指标达标
  附加门槛 : 需对手速度≥1.00（当前=1.00）
  转向阶梯中 : phase=3  rotate=-0.07  （此期间不晋级下一阶段，只按 hit_rate 下调转向）
  未晋级阶段：转向阶梯进行中（属预期）
------------------------------------------------------------
[进度] 7,356,416/100,000,000 (7.4%)  FPS≈1628  阶段=stage2_linear  速度=1.00  直行间隔=180  aim=0.100/lead  rotate=-0.07
[进度] 7,372,800/100,000,000 (7.4%)  FPS≈1631  阶段=stage2_linear  速度=1.00  直行间隔=180  aim=0.100/lead  rotate=-0.07
[进度] 7,389,184/100,000,000 (7.4%)  FPS≈1618  阶段=stage2_linear  速度=1.00  直行间隔=180  aim=0.100/lead  rotate=-0.07
[进度] 7,405,568/100,000,000 (7.4%)  FPS≈1620  阶段=stage2_linear  速度=1.00  直行间隔=180  aim=0.100/lead  rotate=-0.07
[进度] 7,421,952/100,000,000 (7.4%)  FPS≈1634  阶段=stage2_linear  速度=1.00  直行间隔=180  aim=0.100/lead  rotate=-0.07
[进度] 7,438,336/100,000,000 (7.4%)  FPS≈1604  阶段=stage2_linear  速度=1.00  直行间隔=180  aim=0.100/lead  rotate=-0.07
[进度] 7,454,720/100,000,000 (7.5%)  FPS≈1659  阶段=stage2_linear  速度=1.00  直行间隔=180  aim=0.100/lead  rotate=-0.07
[存盘] 课程元数据 model_t7454720_stage1_stage2_linear.curriculum.json  stage=stage2_linear  bot=linear v=1.00
[存盘] runs/curriculum_aim/20260922_222630/checkpoints/model_t7454720_stage1_stage2_linear.zip
[评测] 开始（100 局）…
  [评测进度] 10/100  kill(命中/开火)=0.400  direct(直击/开火)=0.175  弹数=40
  [评测进度] 20/100  kill(命中/开火)=0.361  direct(直击/开火)=0.222  弹数=72
  [评测进度] 30/100  kill(命中/开火)=0.410  direct(直击/开火)=0.250  弹数=100
  [评测进度] 40/100  kill(命中/开火)=0.415  direct(直击/开火)=0.262  弹数=130
  [评测进度] 50/100  kill(命中/开火)=0.427  direct(直击/开火)=0.287  弹数=150
  [评测进度] 60/100  kill(命中/开火)=0.427  direct(直击/开火)=0.281  弹数=185
  [评测进度] 70/100  kill(命中/开火)=0.413  direct(直击/开火)=0.280  弹数=218
  [评测进度] 80/100  kill(命中/开火)=0.393  direct(直击/开火)=0.272  弹数=257
  [评测进度] 90/100  kill(命中/开火)=0.397  direct(直击/开火)=0.272  弹数=287
  [评测进度] 100/100  kill(命中/开火)=0.395  direct(直击/开火)=0.270  弹数=319
------------------------------------------------------------
[评测] 阶段=stage2_linear  局数=100
  kill_rate(命中/开火) = 0.395  hit_rate(直击/开火) = 0.270  中位TTK = 225
  TTK口径     : 首直击步数；无直击=该局结束步数（评测步限封顶）
  晋级条件 直击/开火 hit_rate≥0.06  当前=0.270  → 指标达标
  附加门槛 : 需对手速度≥1.00（当前=1.00）
  转向阶梯中 : phase=3  rotate=-0.07  （此期间不晋级下一阶段，只按 hit_rate 下调转向）
  未晋级阶段：转向阶梯进行中（属预期）
------------------------------------------------------------
[进度] 7,471,104/100,000,000 (7.5%)  FPS≈1543  阶段=stage2_linear  速度=1.00  直行间隔=180  aim=0.100/lead  rotate=-0.07
[进度] 7,487,488/100,000,000 (7.5%)  FPS≈1537  阶段=stage2_linear  速度=1.00  直行间隔=180  aim=0.100/lead  rotate=-0.07
[进度] 7,503,872/100,000,000 (7.5%)  FPS≈1484  阶段=stage2_linear  速度=1.00  直行间隔=180  aim=0.100/lead  rotate=-0.07
[进度] 7,520,256/100,000,000 (7.5%)  FPS≈1533  阶段=stage2_linear  速度=1.00  直行间隔=180  aim=0.100/lead  rotate=-0.07
[进度] 7,536,640/100,000,000 (7.5%)  FPS≈1588  阶段=stage2_linear  速度=1.00  直行间隔=180  aim=0.100/lead  rotate=-0.07
[进度] 7,553,024/100,000,000 (7.6%)  FPS≈1542  阶段=stage2_linear  速度=1.00  直行间隔=180  aim=0.100/lead  rotate=-0.07
[进度] 7,569,408/100,000,000 (7.6%)  FPS≈1610  阶段=stage2_linear  速度=1.00  直行间隔=180  aim=0.100/lead  rotate=-0.07
[存盘] 课程元数据 model_t7569408_stage1_stage2_linear.curriculum.json  stage=stage2_linear  bot=linear v=1.00
[存盘] runs/curriculum_aim/20260922_222630/checkpoints/model_t7569408_stage1_stage2_linear.zip
[评测] 开始（100 局）…
  [评测进度] 10/100  kill(命中/开火)=0.385  direct(直击/开火)=0.179  弹数=39
  [评测进度] 20/100  kill(命中/开火)=0.403  direct(直击/开火)=0.208  弹数=77
  [评测进度] 30/100  kill(命中/开火)=0.383  direct(直击/开火)=0.200  弹数=115
  [评测进度] 40/100  kill(命中/开火)=0.369  direct(直击/开火)=0.204  弹数=157
  [评测进度] 50/100  kill(命中/开火)=0.372  direct(直击/开火)=0.206  弹数=199
  [评测进度] 60/100  kill(命中/开火)=0.378  direct(直击/开火)=0.230  弹数=222
  [评测进度] 70/100  kill(命中/开火)=0.370  direct(直击/开火)=0.226  弹数=257
  [评测进度] 80/100  kill(命中/开火)=0.372  direct(直击/开火)=0.225  弹数=293
  [评测进度] 90/100  kill(命中/开火)=0.363  direct(直击/开火)=0.211  弹数=342
  [评测进度] 100/100  kill(命中/开火)=0.370  direct(直击/开火)=0.204  弹数=387
------------------------------------------------------------
[评测] 阶段=stage2_linear  局数=100
  kill_rate(命中/开火) = 0.370  hit_rate(直击/开火) = 0.204  中位TTK = 351
  TTK口径     : 首直击步数；无直击=该局结束步数（评测步限封顶）
  晋级条件 直击/开火 hit_rate≥0.06  当前=0.204  → 指标达标
  附加门槛 : 需对手速度≥1.00（当前=1.00）
  转向阶梯中 : phase=3  rotate=-0.07  （此期间不晋级下一阶段，只按 hit_rate 下调转向）
  未晋级阶段：转向阶梯进行中（属预期）
------------------------------------------------------------
[进度] 7,585,792/100,000,000 (7.6%)  FPS≈1557  阶段=stage2_linear  速度=1.00  直行间隔=180  aim=0.100/lead  rotate=-0.07
[进度] 7,602,176/100,000,000 (7.6%)  FPS≈1565  阶段=stage2_linear  速度=1.00  直行间隔=180  aim=0.100/lead  rotate=-0.07
[进度] 7,618,560/100,000,000 (7.6%)  FPS≈1643  阶段=stage2_linear  速度=1.00  直行间隔=180  aim=0.100/lead  rotate=-0.07
[进度] 7,634,944/100,000,000 (7.6%)  FPS≈1596  阶段=stage2_linear  速度=1.00  直行间隔=180  aim=0.100/lead  rotate=-0.07
[进度] 7,651,328/100,000,000 (7.7%)  FPS≈1544  阶段=stage2_linear  速度=1.00  直行间隔=180  aim=0.100/lead  rotate=-0.07
[进度] 7,667,712/100,000,000 (7.7%)  FPS≈1589  阶段=stage2_linear  速度=1.00  直行间隔=180  aim=0.100/lead  rotate=-0.07
[进度] 7,684,096/100,000,000 (7.7%)  FPS≈1548  阶段=stage2_linear  速度=1.00  直行间隔=180  aim=0.100/lead  rotate=-0.07
[存盘] 课程元数据 model_t7684096_stage1_stage2_linear.curriculum.json  stage=stage2_linear  bot=linear v=1.00
[存盘] runs/curriculum_aim/20260922_222630/checkpoints/model_t7684096_stage1_stage2_linear.zip
[评测] 开始（100 局）…
  [评测进度] 10/100  kill(命中/开火)=0.308  direct(直击/开火)=0.179  弹数=39
  [评测进度] 20/100  kill(命中/开火)=0.287  direct(直击/开火)=0.163  弹数=80
  [评测进度] 30/100  kill(命中/开火)=0.286  direct(直击/开火)=0.188  弹数=112
  [评测进度] 40/100  kill(命中/开火)=0.314  direct(直击/开火)=0.190  弹数=153
  [评测进度] 50/100  kill(命中/开火)=0.333  direct(直击/开火)=0.193  弹数=192
  [评测进度] 60/100  kill(命中/开火)=0.345  direct(直击/开火)=0.199  弹数=226
  [评测进度] 70/100  kill(命中/开火)=0.362  direct(直击/开火)=0.196  弹数=265
  [评测进度] 80/100  kill(命中/开火)=0.365  direct(直击/开火)=0.199  弹数=301
  [评测进度] 90/100  kill(命中/开火)=0.362  direct(直击/开火)=0.204  弹数=334
  [评测进度] 100/100  kill(命中/开火)=0.375  direct(直击/开火)=0.217  弹数=360
------------------------------------------------------------
[评测] 阶段=stage2_linear  局数=100
  kill_rate(命中/开火) = 0.375  hit_rate(直击/开火) = 0.217  中位TTK = 274
  TTK口径     : 首直击步数；无直击=该局结束步数（评测步限封顶）
  晋级条件 直击/开火 hit_rate≥0.06  当前=0.217  → 指标达标
  附加门槛 : 需对手速度≥1.00（当前=1.00）
  转向阶梯中 : phase=3  rotate=-0.07  （此期间不晋级下一阶段，只按 hit_rate 下调转向）
  未晋级阶段：转向阶梯进行中（属预期）
------------------------------------------------------------
[进度] 7,700,480/100,000,000 (7.7%)  FPS≈1522  阶段=stage2_linear  速度=1.00  直行间隔=180  aim=0.100/lead  rotate=-0.07
[进度] 7,716,864/100,000,000 (7.7%)  FPS≈1558  阶段=stage2_linear  速度=1.00  直行间隔=180  aim=0.100/lead  rotate=-0.07
[进度] 7,733,248/100,000,000 (7.7%)  FPS≈1664  阶段=stage2_linear  速度=1.00  直行间隔=180  aim=0.100/lead  rotate=-0.07
[进度] 7,749,632/100,000,000 (7.7%)  FPS≈1557  阶段=stage2_linear  速度=1.00  直行间隔=180  aim=0.100/lead  rotate=-0.07
[进度] 7,766,016/100,000,000 (7.8%)  FPS≈1623  阶段=stage2_linear  速度=1.00  直行间隔=180  aim=0.100/lead  rotate=-0.07
[进度] 7,782,400/100,000,000 (7.8%)  FPS≈1627  阶段=stage2_linear  速度=1.00  直行间隔=180  aim=0.100/lead  rotate=-0.07
[进度] 7,798,784/100,000,000 (7.8%)  FPS≈1516  阶段=stage2_linear  速度=1.00  直行间隔=180  aim=0.100/lead  rotate=-0.07
[存盘] 课程元数据 model_t7798784_stage1_stage2_linear.curriculum.json  stage=stage2_linear  bot=linear v=1.00
[存盘] runs/curriculum_aim/20260922_222630/checkpoints/model_t7798784_stage1_stage2_linear.zip
[评测] 开始（100 局）…
  [评测进度] 10/100  kill(命中/开火)=0.412  direct(直击/开火)=0.294  弹数=34
  [评测进度] 20/100  kill(命中/开火)=0.366  direct(直击/开火)=0.239  弹数=71
  [评测进度] 30/100  kill(命中/开火)=0.381  direct(直击/开火)=0.268  弹数=97
  [评测进度] 40/100  kill(命中/开火)=0.381  direct(直击/开火)=0.246  弹数=134
  [评测进度] 50/100  kill(命中/开火)=0.365  direct(直击/开火)=0.219  弹数=178
  [评测进度] 60/100  kill(命中/开火)=0.380  direct(直击/开火)=0.218  弹数=216
  [评测进度] 70/100  kill(命中/开火)=0.383  direct(直击/开火)=0.211  弹数=256
  [评测进度] 80/100  kill(命中/开火)=0.369  direct(直击/开火)=0.196  弹数=301
  [评测进度] 90/100  kill(命中/开火)=0.370  direct(直击/开火)=0.195  弹数=343
  [评测进度] 100/100  kill(命中/开火)=0.373  direct(直击/开火)=0.203  弹数=375
------------------------------------------------------------
[评测] 阶段=stage2_linear  局数=100
  kill_rate(命中/开火) = 0.373  hit_rate(直击/开火) = 0.203  中位TTK = 276
  TTK口径     : 首直击步数；无直击=该局结束步数（评测步限封顶）
  晋级条件 直击/开火 hit_rate≥0.06  当前=0.203  → 指标达标
  附加门槛 : 需对手速度≥1.00（当前=1.00）
  转向阶梯中 : phase=3  rotate=-0.07  （此期间不晋级下一阶段，只按 hit_rate 下调转向）
  未晋级阶段：转向阶梯进行中（属预期）
------------------------------------------------------------
[进度] 7,815,168/100,000,000 (7.8%)  FPS≈1536  阶段=stage2_linear  速度=1.00  直行间隔=180  aim=0.100/lead  rotate=-0.07
[进度] 7,831,552/100,000,000 (7.8%)  FPS≈1543  阶段=stage2_linear  速度=1.00  直行间隔=180  aim=0.100/lead  rotate=-0.07
[进度] 7,847,936/100,000,000 (7.8%)  FPS≈1600  阶段=stage2_linear  速度=1.00  直行间隔=180  aim=0.100/lead  rotate=-0.07
[进度] 7,864,320/100,000,000 (7.9%)  FPS≈1565  阶段=stage2_linear  速度=1.00  直行间隔=180  aim=0.100/lead  rotate=-0.07
[进度] 7,880,704/100,000,000 (7.9%)  FPS≈1520  阶段=stage2_linear  速度=1.00  直行间隔=180  aim=0.100/lead  rotate=-0.07
[进度] 7,897,088/100,000,000 (7.9%)  FPS≈1486  阶段=stage2_linear  速度=1.00  直行间隔=180  aim=0.100/lead  rotate=-0.07
[进度] 7,913,472/100,000,000 (7.9%)  FPS≈1494  阶段=stage2_linear  速度=1.00  直行间隔=180  aim=0.100/lead  rotate=-0.07
[存盘] 课程元数据 model_t7913472_stage1_stage2_linear.curriculum.json  stage=stage2_linear  bot=linear v=1.00
[存盘] runs/curriculum_aim/20260922_222630/checkpoints/model_t7913472_stage1_stage2_linear.zip
[评测] 开始（100 局）…
  [评测进度] 10/100  kill(命中/开火)=0.375  direct(直击/开火)=0.156  弹数=32
  [评测进度] 20/100  kill(命中/开火)=0.356  direct(直击/开火)=0.151  弹数=73
  [评测进度] 30/100  kill(命中/开火)=0.350  direct(直击/开火)=0.180  弹数=100
  [评测进度] 40/100  kill(命中/开火)=0.336  direct(直击/开火)=0.182  弹数=137
  [评测进度] 50/100  kill(命中/开火)=0.320  direct(直击/开火)=0.180  弹数=178
  [评测进度] 60/100  kill(命中/开火)=0.309  direct(直击/开火)=0.177  弹数=220
  [评测进度] 70/100  kill(命中/开火)=0.316  direct(直击/开火)=0.178  弹数=253
  [评测进度] 80/100  kill(命中/开火)=0.323  direct(直击/开火)=0.182  弹数=285
  [评测进度] 90/100  kill(命中/开火)=0.329  direct(直击/开火)=0.195  弹数=313
  [评测进度] 100/100  kill(命中/开火)=0.333  direct(直击/开火)=0.182  弹数=357
------------------------------------------------------------
[评测] 阶段=stage2_linear  局数=100
  kill_rate(命中/开火) = 0.333  hit_rate(直击/开火) = 0.182  中位TTK = 350
  TTK口径     : 首直击步数；无直击=该局结束步数（评测步限封顶）
  晋级条件 直击/开火 hit_rate≥0.06  当前=0.182  → 指标达标
  附加门槛 : 需对手速度≥1.00（当前=1.00）
  转向阶梯中 : phase=3  rotate=-0.07  （此期间不晋级下一阶段，只按 hit_rate 下调转向）
  未晋级阶段：转向阶梯进行中（属预期）
------------------------------------------------------------
[进度] 7,929,856/100,000,000 (7.9%)  FPS≈1451  阶段=stage2_linear  速度=1.00  直行间隔=180  aim=0.100/lead  rotate=-0.07
[进度] 7,946,240/100,000,000 (7.9%)  FPS≈1513  阶段=stage2_linear  速度=1.00  直行间隔=180  aim=0.100/lead  rotate=-0.07
[进度] 7,962,624/100,000,000 (8.0%)  FPS≈1494  阶段=stage2_linear  速度=1.00  直行间隔=180  aim=0.100/lead  rotate=-0.07
[进度] 7,979,008/100,000,000 (8.0%)  FPS≈1556  阶段=stage2_linear  速度=1.00  直行间隔=180  aim=0.100/lead  rotate=-0.07
[进度] 7,995,392/100,000,000 (8.0%)  FPS≈1510  阶段=stage2_linear  速度=1.00  直行间隔=180  aim=0.100/lead  rotate=-0.07
已终止
