[续训] 新时间戳 run（自 20260922_194445）→ 20260922_214624；起点已存为 named/model_0（0号模型）
============================================================
瞄准课程 PPO 训练（断点续训）
============================================================
  配置文件     : configs/train/curriculum_aim.yaml
  本次运行目录 : runs/curriculum_aim/20260922_214624
  续训权重     : runs/curriculum_aim/20260922_214624/named/model_0.zip
  已训步数     : 3,899,392 → 目标 100,000,000
  设备         : cpu
  总步数       : 100,000,000
  并行环境     : 8
  帧堆叠       : 选择性 3 步距=3 depth=7 lags=[6, 3, 0]（开火/子弹仅当前） + 确定性均值×3 → 输入维 101
  评测间隔     : 每 100,000 步 / 100 局（单局≤600步）
  存盘间隔     : 每 100,000 步 → runs/curriculum_aim/20260922_214624/checkpoints/
  晋级存盘     : 每次晋级 → runs/curriculum_aim/20260922_214624/promotions/
------------------------------------------------------------
  当前阶段     : stage1_static (1/3)
  对手         : mode=static  speed=0.00
  奖励         : aim=0.2 mode=current  kill=100.0  rotate=-0.02
  转向阶梯     : phase=3/0  levels=[-0.02]  推进条件 hit_rate>1.01  末档再达标=否
------------------------------------------------------------
  TensorBoard  : tensorboard --logdir runs/curriculum_aim
  浏览器打开   : http://localhost:6006
============================================================
[续训] 覆盖超参 learning_rate=0.0001  ent_coef=0.01
[进度] 3,915,776/100,000,000 (3.9%)  FPS≈1956  阶段=stage1_static  速度=0.00  直行间隔=180  aim=0.200/current  rotate=-0.02
[进度] 3,932,160/100,000,000 (3.9%)  FPS≈1606  阶段=stage1_static  速度=0.00  直行间隔=180  aim=0.200/current  rotate=-0.02
[进度] 3,948,544/100,000,000 (3.9%)  FPS≈1698  阶段=stage1_static  速度=0.00  直行间隔=180  aim=0.200/current  rotate=-0.02
[进度] 3,964,928/100,000,000 (4.0%)  FPS≈1696  阶段=stage1_static  速度=0.00  直行间隔=180  aim=0.200/current  rotate=-0.02
[进度] 3,981,312/100,000,000 (4.0%)  FPS≈1682  阶段=stage1_static  速度=0.00  直行间隔=180  aim=0.200/current  rotate=-0.02
[进度] 3,997,696/100,000,000 (4.0%)  FPS≈1670  阶段=stage1_static  速度=0.00  直行间隔=180  aim=0.200/current  rotate=-0.02
[进度] 4,014,080/100,000,000 (4.0%)  FPS≈1653  阶段=stage1_static  速度=0.00  直行间隔=180  aim=0.200/current  rotate=-0.02
[存盘] 课程元数据 model_t4014080_stage0_stage1_static.curriculum.json  stage=stage1_static  bot=static v=0.00
[存盘] runs/curriculum_aim/20260922_214624/checkpoints/model_t4014080_stage0_stage1_static.zip
[评测] 开始（100 局）…
  [评测进度] 10/100  kill(命中/开火)=0.412  direct(直击/开火)=0.412  弹数=17
  [评测进度] 20/100  kill(命中/开火)=0.485  direct(直击/开火)=0.455  弹数=33
  [评测进度] 30/100  kill(命中/开火)=0.500  direct(直击/开火)=0.435  弹数=46
  [评测进度] 40/100  kill(命中/开火)=0.530  direct(直击/开火)=0.439  弹数=66
  [评测进度] 50/100  kill(命中/开火)=0.512  direct(直击/开火)=0.438  弹数=80
  [评测进度] 60/100  kill(命中/开火)=0.505  direct(直击/开火)=0.433  弹数=97
  [评测进度] 70/100  kill(命中/开火)=0.509  direct(直击/开火)=0.443  弹数=106
  [评测进度] 80/100  kill(命中/开火)=0.521  direct(直击/开火)=0.455  弹数=121
  [评测进度] 90/100  kill(命中/开火)=0.536  direct(直击/开火)=0.450  弹数=140
  [评测进度] 100/100  kill(命中/开火)=0.535  direct(直击/开火)=0.434  弹数=159
------------------------------------------------------------
[评测] 阶段=stage1_static  局数=100
  kill_rate(命中/开火) = 0.535  hit_rate(直击/开火) = 0.434  中位TTK = 220
  TTK口径     : 首直击步数；无直击=该局结束步数（评测步限封顶）
  晋级条件 直击/开火 hit_rate≥0.10  当前=0.434  → 指标达标
  附加门槛 : 需中位TTK≤900
  转向阶梯中 : phase=3  rotate=-0.02  （此期间不晋级下一阶段，只按 hit_rate 下调转向）
  未晋级阶段：转向阶梯进行中（属预期）
------------------------------------------------------------
[进度] 4,030,464/100,000,000 (4.0%)  FPS≈1691  阶段=stage1_static  速度=0.00  直行间隔=180  aim=0.200/current  rotate=-0.02
[进度] 4,046,848/100,000,000 (4.0%)  FPS≈1649  阶段=stage1_static  速度=0.00  直行间隔=180  aim=0.200/current  rotate=-0.02
[进度] 4,063,232/100,000,000 (4.1%)  FPS≈1683  阶段=stage1_static  速度=0.00  直行间隔=180  aim=0.200/current  rotate=-0.02
[进度] 4,079,616/100,000,000 (4.1%)  FPS≈1692  阶段=stage1_static  速度=0.00  直行间隔=180  aim=0.200/current  rotate=-0.02
[进度] 4,096,000/100,000,000 (4.1%)  FPS≈1631  阶段=stage1_static  速度=0.00  直行间隔=180  aim=0.200/current  rotate=-0.02
[进度] 4,112,384/100,000,000 (4.1%)  FPS≈1580  阶段=stage1_static  速度=0.00  直行间隔=180  aim=0.200/current  rotate=-0.02
[进度] 4,128,768/100,000,000 (4.1%)  FPS≈1758  阶段=stage1_static  速度=0.00  直行间隔=180  aim=0.200/current  rotate=-0.02
[存盘] 课程元数据 model_t4128768_stage0_stage1_static.curriculum.json  stage=stage1_static  bot=static v=0.00
[存盘] runs/curriculum_aim/20260922_214624/checkpoints/model_t4128768_stage0_stage1_static.zip
[评测] 开始（100 局）…
  [评测进度] 10/100  kill(命中/开火)=0.421  direct(直击/开火)=0.421  弹数=19
  [评测进度] 20/100  kill(命中/开火)=0.432  direct(直击/开火)=0.432  弹数=37
  [评测进度] 30/100  kill(命中/开火)=0.482  direct(直击/开火)=0.411  弹数=56
  [评测进度] 40/100  kill(命中/开火)=0.507  direct(直击/开火)=0.425  弹数=73
  [评测进度] 50/100  kill(命中/开火)=0.522  direct(直击/开火)=0.413  弹数=92
  [评测进度] 60/100  kill(命中/开火)=0.519  direct(直击/开火)=0.426  弹数=108
  [评测进度] 70/100  kill(命中/开火)=0.520  direct(直击/开火)=0.441  弹数=127
  [评测进度] 80/100  kill(命中/开火)=0.531  direct(直击/开火)=0.448  弹数=145
  [评测进度] 90/100  kill(命中/开火)=0.528  direct(直击/开火)=0.454  弹数=163
  [评测进度] 100/100  kill(命中/开火)=0.541  direct(直击/开火)=0.448  弹数=181
------------------------------------------------------------
[评测] 阶段=stage1_static  局数=100
  kill_rate(命中/开火) = 0.541  hit_rate(直击/开火) = 0.448  中位TTK = 153
  TTK口径     : 首直击步数；无直击=该局结束步数（评测步限封顶）
  晋级条件 直击/开火 hit_rate≥0.10  当前=0.448  → 指标达标
  附加门槛 : 需中位TTK≤900
  转向阶梯中 : phase=3  rotate=-0.02  （此期间不晋级下一阶段，只按 hit_rate 下调转向）
  未晋级阶段：转向阶梯进行中（属预期）
------------------------------------------------------------
[进度] 4,145,152/100,000,000 (4.1%)  FPS≈1753  阶段=stage1_static  速度=0.00  直行间隔=180  aim=0.200/current  rotate=-0.02
[进度] 4,161,536/100,000,000 (4.2%)  FPS≈1779  阶段=stage1_static  速度=0.00  直行间隔=180  aim=0.200/current  rotate=-0.02
[进度] 4,177,920/100,000,000 (4.2%)  FPS≈1710  阶段=stage1_static  速度=0.00  直行间隔=180  aim=0.200/current  rotate=-0.02
[进度] 4,194,304/100,000,000 (4.2%)  FPS≈1706  阶段=stage1_static  速度=0.00  直行间隔=180  aim=0.200/current  rotate=-0.02
[进度] 4,210,688/100,000,000 (4.2%)  FPS≈1739  阶段=stage1_static  速度=0.00  直行间隔=180  aim=0.200/current  rotate=-0.02
[进度] 4,227,072/100,000,000 (4.2%)  FPS≈1777  阶段=stage1_static  速度=0.00  直行间隔=180  aim=0.200/current  rotate=-0.02
[进度] 4,243,456/100,000,000 (4.2%)  FPS≈1711  阶段=stage1_static  速度=0.00  直行间隔=180  aim=0.200/current  rotate=-0.02
[存盘] 课程元数据 model_t4243456_stage0_stage1_static.curriculum.json  stage=stage1_static  bot=static v=0.00
[存盘] runs/curriculum_aim/20260922_214624/checkpoints/model_t4243456_stage0_stage1_static.zip
[评测] 开始（100 局）…
  [评测进度] 10/100  kill(命中/开火)=0.409  direct(直击/开火)=0.318  弹数=22
  [评测进度] 20/100  kill(命中/开火)=0.447  direct(直击/开火)=0.340  弹数=47
  [评测进度] 30/100  kill(命中/开火)=0.471  direct(直击/开火)=0.382  弹数=68
  [评测进度] 40/100  kill(命中/开火)=0.506  direct(直击/开火)=0.424  弹数=85
  [评测进度] 50/100  kill(命中/开火)=0.482  direct(直击/开火)=0.395  弹数=114
  [评测进度] 60/100  kill(命中/开火)=0.519  direct(直击/开火)=0.426  弹数=129
  [评测进度] 70/100  kill(命中/开火)=0.537  direct(直击/开火)=0.442  弹数=147
  [评测进度] 80/100  kill(命中/开火)=0.539  direct(直击/开火)=0.449  弹数=167
  [评测进度] 90/100  kill(命中/开火)=0.554  direct(直击/开火)=0.457  弹数=186
  [评测进度] 100/100  kill(命中/开火)=0.554  direct(直击/开火)=0.461  弹数=204
------------------------------------------------------------
[评测] 阶段=stage1_static  局数=100
  kill_rate(命中/开火) = 0.554  hit_rate(直击/开火) = 0.461  中位TTK = 132
  TTK口径     : 首直击步数；无直击=该局结束步数（评测步限封顶）
  晋级条件 直击/开火 hit_rate≥0.10  当前=0.461  → 指标达标
  附加门槛 : 需中位TTK≤900
  转向阶梯中 : phase=3  rotate=-0.02  （此期间不晋级下一阶段，只按 hit_rate 下调转向）
  未晋级阶段：转向阶梯进行中（属预期）
------------------------------------------------------------
[进度] 4,259,840/100,000,000 (4.3%)  FPS≈1750  阶段=stage1_static  速度=0.00  直行间隔=180  aim=0.200/current  rotate=-0.02
[进度] 4,276,224/100,000,000 (4.3%)  FPS≈1740  阶段=stage1_static  速度=0.00  直行间隔=180  aim=0.200/current  rotate=-0.02
[进度] 4,292,608/100,000,000 (4.3%)  FPS≈1743  阶段=stage1_static  速度=0.00  直行间隔=180  aim=0.200/current  rotate=-0.02
[进度] 4,308,992/100,000,000 (4.3%)  FPS≈1714  阶段=stage1_static  速度=0.00  直行间隔=180  aim=0.200/current  rotate=-0.02
[进度] 4,325,376/100,000,000 (4.3%)  FPS≈1719  阶段=stage1_static  速度=0.00  直行间隔=180  aim=0.200/current  rotate=-0.02
已终止
