[续训] 新时间戳 run（自 20260922_194445）→ 20260922_220311；起点已存为 named/model_0（0号模型）
============================================================
瞄准课程 PPO 训练（断点续训）
============================================================
  配置文件     : configs/train/curriculum_aim.yaml
  本次运行目录 : runs/curriculum_aim/20260922_220311
  续训权重     : runs/curriculum_aim/20260922_220311/named/model_0.zip
  已训步数     : 3,899,392 → 目标 100,000,000
  设备         : cpu
  总步数       : 100,000,000
  并行环境     : 8
  帧堆叠       : 选择性 3 步距=3 depth=7 lags=[6, 3, 0]（开火/子弹仅当前） + 确定性均值×3 → 输入维 101
  评测间隔     : 每 100,000 步 / 100 局（单局≤600步）
  存盘间隔     : 每 100,000 步 → runs/curriculum_aim/20260922_220311/checkpoints/
  晋级存盘     : 每次晋级 → runs/curriculum_aim/20260922_220311/promotions/
------------------------------------------------------------
  当前阶段     : stage1_static (1/3)
  对手         : mode=static  speed=0.00
  奖励         : aim=0.2 mode=current  kill=60.0  rotate=-0.07
  转向阶梯     : phase=3/0  levels=[-0.07]  推进条件 hit_rate>1.01  末档再达标=否
------------------------------------------------------------
  TensorBoard  : tensorboard --logdir runs/curriculum_aim
  浏览器打开   : http://localhost:6006
============================================================
[续训] 覆盖超参 learning_rate=0.0001  ent_coef=0.01
[进度] 3,915,776/100,000,000 (3.9%)  FPS≈1862  阶段=stage1_static  速度=0.00  直行间隔=180  aim=0.200/current  rotate=-0.07
[进度] 3,932,160/100,000,000 (3.9%)  FPS≈1619  阶段=stage1_static  速度=0.00  直行间隔=180  aim=0.200/current  rotate=-0.07
[进度] 3,948,544/100,000,000 (3.9%)  FPS≈1649  阶段=stage1_static  速度=0.00  直行间隔=180  aim=0.200/current  rotate=-0.07
[进度] 3,964,928/100,000,000 (4.0%)  FPS≈1623  阶段=stage1_static  速度=0.00  直行间隔=180  aim=0.200/current  rotate=-0.07
[进度] 3,981,312/100,000,000 (4.0%)  FPS≈1725  阶段=stage1_static  速度=0.00  直行间隔=180  aim=0.200/current  rotate=-0.07
[进度] 3,997,696/100,000,000 (4.0%)  FPS≈1684  阶段=stage1_static  速度=0.00  直行间隔=180  aim=0.200/current  rotate=-0.07
[进度] 4,014,080/100,000,000 (4.0%)  FPS≈1673  阶段=stage1_static  速度=0.00  直行间隔=180  aim=0.200/current  rotate=-0.07
[存盘] 课程元数据 model_t4014080_stage0_stage1_static.curriculum.json  stage=stage1_static  bot=static v=0.00
[存盘] runs/curriculum_aim/20260922_220311/checkpoints/model_t4014080_stage0_stage1_static.zip
[评测] 开始（100 局）…
  [评测进度] 10/100  kill(命中/开火)=0.514  direct(直击/开火)=0.229  弹数=35
  [评测进度] 20/100  kill(命中/开火)=0.519  direct(直击/开火)=0.296  弹数=54
  [评测进度] 30/100  kill(命中/开火)=0.514  direct(直击/开火)=0.319  弹数=72
  [评测进度] 40/100  kill(命中/开火)=0.532  direct(直击/开火)=0.340  弹数=94
  [评测进度] 50/100  kill(命中/开火)=0.548  direct(直击/开火)=0.339  弹数=115
  [评测进度] 60/100  kill(命中/开火)=0.549  direct(直击/开火)=0.353  弹数=133
  [评测进度] 70/100  kill(命中/开火)=0.538  direct(直击/开火)=0.353  弹数=156
  [评测进度] 80/100  kill(命中/开火)=0.541  direct(直击/开火)=0.355  弹数=183
  [评测进度] 90/100  kill(命中/开火)=0.557  direct(直击/开火)=0.360  弹数=203
  [评测进度] 100/100  kill(命中/开火)=0.553  direct(直击/开火)=0.364  弹数=228
------------------------------------------------------------
[评测] 阶段=stage1_static  局数=100
  kill_rate(命中/开火) = 0.553  hit_rate(直击/开火) = 0.364  中位TTK = 220
  TTK口径     : 首直击步数；无直击=该局结束步数（评测步限封顶）
  晋级条件 直击/开火 hit_rate≥0.10  当前=0.364  → 指标达标
  附加门槛 : 需中位TTK≤900
  转向阶梯中 : phase=3  rotate=-0.07  （此期间不晋级下一阶段，只按 hit_rate 下调转向）
  未晋级阶段：转向阶梯进行中（属预期）
------------------------------------------------------------
[进度] 4,030,464/100,000,000 (4.0%)  FPS≈1731  阶段=stage1_static  速度=0.00  直行间隔=180  aim=0.200/current  rotate=-0.07
[进度] 4,046,848/100,000,000 (4.0%)  FPS≈1665  阶段=stage1_static  速度=0.00  直行间隔=180  aim=0.200/current  rotate=-0.07
[进度] 4,063,232/100,000,000 (4.1%)  FPS≈1660  阶段=stage1_static  速度=0.00  直行间隔=180  aim=0.200/current  rotate=-0.07
[进度] 4,079,616/100,000,000 (4.1%)  FPS≈1592  阶段=stage1_static  速度=0.00  直行间隔=180  aim=0.200/current  rotate=-0.07
[进度] 4,096,000/100,000,000 (4.1%)  FPS≈1614  阶段=stage1_static  速度=0.00  直行间隔=180  aim=0.200/current  rotate=-0.07
[进度] 4,112,384/100,000,000 (4.1%)  FPS≈1657  阶段=stage1_static  速度=0.00  直行间隔=180  aim=0.200/current  rotate=-0.07
[进度] 4,128,768/100,000,000 (4.1%)  FPS≈1730  阶段=stage1_static  速度=0.00  直行间隔=180  aim=0.200/current  rotate=-0.07
[存盘] 课程元数据 model_t4128768_stage0_stage1_static.curriculum.json  stage=stage1_static  bot=static v=0.00
[存盘] runs/curriculum_aim/20260922_220311/checkpoints/model_t4128768_stage0_stage1_static.zip
[评测] 开始（100 局）…
  [评测进度] 10/100  kill(命中/开火)=0.423  direct(直击/开火)=0.346  弹数=26
  [评测进度] 20/100  kill(命中/开火)=0.512  direct(直击/开火)=0.442  弹数=43
  [评测进度] 30/100  kill(命中/开火)=0.485  direct(直击/开火)=0.424  弹数=66
  [评测进度] 40/100  kill(命中/开火)=0.500  direct(直击/开火)=0.413  弹数=92
  [评测进度] 50/100  kill(命中/开火)=0.484  direct(直击/开火)=0.365  弹数=126
  [评测进度] 60/100  kill(命中/开火)=0.493  direct(直击/开火)=0.378  弹数=148
  [评测进度] 70/100  kill(命中/开火)=0.506  direct(直击/开火)=0.376  弹数=170
  [评测进度] 80/100  kill(命中/开火)=0.528  direct(直击/开火)=0.394  弹数=180
  [评测进度] 90/100  kill(命中/开火)=0.538  direct(直击/开火)=0.410  弹数=195
  [评测进度] 100/100  kill(命中/开火)=0.530  direct(直击/开火)=0.401  弹数=217
------------------------------------------------------------
[评测] 阶段=stage1_static  局数=100
  kill_rate(命中/开火) = 0.530  hit_rate(直击/开火) = 0.401  中位TTK = 142
  TTK口径     : 首直击步数；无直击=该局结束步数（评测步限封顶）
  晋级条件 直击/开火 hit_rate≥0.10  当前=0.401  → 指标达标
  附加门槛 : 需中位TTK≤900
  转向阶梯中 : phase=3  rotate=-0.07  （此期间不晋级下一阶段，只按 hit_rate 下调转向）
  未晋级阶段：转向阶梯进行中（属预期）
------------------------------------------------------------
[进度] 4,145,152/100,000,000 (4.1%)  FPS≈1713  阶段=stage1_static  速度=0.00  直行间隔=180  aim=0.200/current  rotate=-0.07
[进度] 4,161,536/100,000,000 (4.2%)  FPS≈1722  阶段=stage1_static  速度=0.00  直行间隔=180  aim=0.200/current  rotate=-0.07
[进度] 4,177,920/100,000,000 (4.2%)  FPS≈1695  阶段=stage1_static  速度=0.00  直行间隔=180  aim=0.200/current  rotate=-0.07
[进度] 4,194,304/100,000,000 (4.2%)  FPS≈1709  阶段=stage1_static  速度=0.00  直行间隔=180  aim=0.200/current  rotate=-0.07
[进度] 4,210,688/100,000,000 (4.2%)  FPS≈1765  阶段=stage1_static  速度=0.00  直行间隔=180  aim=0.200/current  rotate=-0.07
[进度] 4,227,072/100,000,000 (4.2%)  FPS≈1682  阶段=stage1_static  速度=0.00  直行间隔=180  aim=0.200/current  rotate=-0.07
[进度] 4,243,456/100,000,000 (4.2%)  FPS≈1710  阶段=stage1_static  速度=0.00  直行间隔=180  aim=0.200/current  rotate=-0.07
[存盘] 课程元数据 model_t4243456_stage0_stage1_static.curriculum.json  stage=stage1_static  bot=static v=0.00
[存盘] runs/curriculum_aim/20260922_220311/checkpoints/model_t4243456_stage0_stage1_static.zip
[评测] 开始（100 局）…
  [评测进度] 10/100  kill(命中/开火)=0.684  direct(直击/开火)=0.474  弹数=19
  [评测进度] 20/100  kill(命中/开火)=0.578  direct(直击/开火)=0.378  弹数=45
  [评测进度] 30/100  kill(命中/开火)=0.521  direct(直击/开火)=0.356  弹数=73
  [评测进度] 40/100  kill(命中/开火)=0.511  direct(直击/开火)=0.380  弹数=92
  [评测进度] 50/100  kill(命中/开火)=0.496  direct(直击/开火)=0.370  弹数=119
  [评测进度] 60/100  kill(命中/开火)=0.500  direct(直击/开火)=0.373  弹数=142
  [评测进度] 70/100  kill(命中/开火)=0.488  direct(直击/开火)=0.360  弹数=172
  [评测进度] 80/100  kill(命中/开火)=0.495  direct(直击/开火)=0.367  弹数=196
  [评测进度] 90/100  kill(命中/开火)=0.509  direct(直击/开火)=0.377  弹数=212
  [评测进度] 100/100  kill(命中/开火)=0.504  direct(直击/开火)=0.381  弹数=236
------------------------------------------------------------
[评测] 阶段=stage1_static  局数=100
  kill_rate(命中/开火) = 0.504  hit_rate(直击/开火) = 0.381  中位TTK = 138
  TTK口径     : 首直击步数；无直击=该局结束步数（评测步限封顶）
  晋级条件 直击/开火 hit_rate≥0.10  当前=0.381  → 指标达标
  附加门槛 : 需中位TTK≤900
  转向阶梯中 : phase=3  rotate=-0.07  （此期间不晋级下一阶段，只按 hit_rate 下调转向）
  未晋级阶段：转向阶梯进行中（属预期）
------------------------------------------------------------
[进度] 4,259,840/100,000,000 (4.3%)  FPS≈1726  阶段=stage1_static  速度=0.00  直行间隔=180  aim=0.200/current  rotate=-0.07
[进度] 4,276,224/100,000,000 (4.3%)  FPS≈1775  阶段=stage1_static  速度=0.00  直行间隔=180  aim=0.200/current  rotate=-0.07
[进度] 4,292,608/100,000,000 (4.3%)  FPS≈1717  阶段=stage1_static  速度=0.00  直行间隔=180  aim=0.200/current  rotate=-0.07
[进度] 4,308,992/100,000,000 (4.3%)  FPS≈1774  阶段=stage1_static  速度=0.00  直行间隔=180  aim=0.200/current  rotate=-0.07
[进度] 4,325,376/100,000,000 (4.3%)  FPS≈1730  阶段=stage1_static  速度=0.00  直行间隔=180  aim=0.200/current  rotate=-0.07
[进度] 4,341,760/100,000,000 (4.3%)  FPS≈1773  阶段=stage1_static  速度=0.00  直行间隔=180  aim=0.200/current  rotate=-0.07
[进度] 4,358,144/100,000,000 (4.4%)  FPS≈1714  阶段=stage1_static  速度=0.00  直行间隔=180  aim=0.200/current  rotate=-0.07
[存盘] 课程元数据 model_t4358144_stage0_stage1_static.curriculum.json  stage=stage1_static  bot=static v=0.00
[存盘] runs/curriculum_aim/20260922_220311/checkpoints/model_t4358144_stage0_stage1_static.zip
[评测] 开始（100 局）…
  [评测进度] 10/100  kill(命中/开火)=0.517  direct(直击/开火)=0.276  弹数=29
  [评测进度] 20/100  kill(命中/开火)=0.542  direct(直击/开火)=0.375  弹数=48
  [评测进度] 30/100  kill(命中/开火)=0.513  direct(直击/开火)=0.359  弹数=78
  [评测进度] 40/100  kill(命中/开火)=0.538  direct(直击/开火)=0.387  弹数=93
  [评测进度] 50/100  kill(命中/开火)=0.477  direct(直击/开火)=0.326  弹数=132
  [评测进度] 60/100  kill(命中/开火)=0.481  direct(直击/开火)=0.344  弹数=154
  [评测进度] 70/100  kill(命中/开火)=0.457  direct(直击/开火)=0.332  弹数=184
  [评测进度] 80/100  kill(命中/开火)=0.469  direct(直击/开火)=0.332  弹数=211
  [评测进度] 90/100  kill(命中/开火)=0.473  direct(直击/开火)=0.332  弹数=241
  [评测进度] 100/100  kill(命中/开火)=0.457  direct(直击/开火)=0.330  弹数=267
------------------------------------------------------------
[评测] 阶段=stage1_static  局数=100
  kill_rate(命中/开火) = 0.457  hit_rate(直击/开火) = 0.330  中位TTK = 150
  TTK口径     : 首直击步数；无直击=该局结束步数（评测步限封顶）
  晋级条件 直击/开火 hit_rate≥0.10  当前=0.330  → 指标达标
  附加门槛 : 需中位TTK≤900
  转向阶梯中 : phase=3  rotate=-0.07  （此期间不晋级下一阶段，只按 hit_rate 下调转向）
  未晋级阶段：转向阶梯进行中（属预期）
------------------------------------------------------------
[进度] 4,374,528/100,000,000 (4.4%)  FPS≈1695  阶段=stage1_static  速度=0.00  直行间隔=180  aim=0.200/current  rotate=-0.07
[进度] 4,390,912/100,000,000 (4.4%)  FPS≈1644  阶段=stage1_static  速度=0.00  直行间隔=180  aim=0.200/current  rotate=-0.07
[进度] 4,407,296/100,000,000 (4.4%)  FPS≈1628  阶段=stage1_static  速度=0.00  直行间隔=180  aim=0.200/current  rotate=-0.07
[进度] 4,423,680/100,000,000 (4.4%)  FPS≈1660  阶段=stage1_static  速度=0.00  直行间隔=180  aim=0.200/current  rotate=-0.07
[进度] 4,440,064/100,000,000 (4.4%)  FPS≈1772  阶段=stage1_static  速度=0.00  直行间隔=180  aim=0.200/current  rotate=-0.07
[进度] 4,456,448/100,000,000 (4.5%)  FPS≈1789  阶段=stage1_static  速度=0.00  直行间隔=180  aim=0.200/current  rotate=-0.07
[进度] 4,472,832/100,000,000 (4.5%)  FPS≈1709  阶段=stage1_static  速度=0.00  直行间隔=180  aim=0.200/current  rotate=-0.07
[存盘] 课程元数据 model_t4472832_stage0_stage1_static.curriculum.json  stage=stage1_static  bot=static v=0.00
[存盘] runs/curriculum_aim/20260922_220311/checkpoints/model_t4472832_stage0_stage1_static.zip
[评测] 开始（100 局）…
  [评测进度] 10/100  kill(命中/开火)=0.444  direct(直击/开火)=0.296  弹数=27
  [评测进度] 20/100  kill(命中/开火)=0.489  direct(直击/开火)=0.362  弹数=47
  [评测进度] 30/100  kill(命中/开火)=0.529  direct(直击/开火)=0.368  弹数=68
  [评测进度] 40/100  kill(命中/开火)=0.561  direct(直击/开火)=0.427  弹数=82
  [评测进度] 50/100  kill(命中/开火)=0.554  direct(直击/开火)=0.426  弹数=101
  [评测进度] 60/100  kill(命中/开火)=0.570  direct(直击/开火)=0.447  弹数=114
  [评测进度] 70/100  kill(命中/开火)=0.532  direct(直击/开火)=0.424  弹数=139
  [评测进度] 80/100  kill(命中/开火)=0.553  direct(直击/开火)=0.421  弹数=159
  [评测进度] 90/100  kill(命中/开火)=0.544  direct(直击/开火)=0.417  弹数=180
  [评测进度] 100/100  kill(命中/开火)=0.554  direct(直击/开火)=0.435  弹数=193
------------------------------------------------------------
[评测] 阶段=stage1_static  局数=100
  kill_rate(命中/开火) = 0.554  hit_rate(直击/开火) = 0.435  中位TTK = 120
  TTK口径     : 首直击步数；无直击=该局结束步数（评测步限封顶）
  晋级条件 直击/开火 hit_rate≥0.10  当前=0.435  → 指标达标
  附加门槛 : 需中位TTK≤900
  转向阶梯中 : phase=3  rotate=-0.07  （此期间不晋级下一阶段，只按 hit_rate 下调转向）
  未晋级阶段：转向阶梯进行中（属预期）
------------------------------------------------------------
[进度] 4,489,216/100,000,000 (4.5%)  FPS≈1756  阶段=stage1_static  速度=0.00  直行间隔=180  aim=0.200/current  rotate=-0.07
[进度] 4,505,600/100,000,000 (4.5%)  FPS≈1700  阶段=stage1_static  速度=0.00  直行间隔=180  aim=0.200/current  rotate=-0.07
[进度] 4,521,984/100,000,000 (4.5%)  FPS≈1695  阶段=stage1_static  速度=0.00  直行间隔=180  aim=0.200/current  rotate=-0.07
[进度] 4,538,368/100,000,000 (4.5%)  FPS≈1722  阶段=stage1_static  速度=0.00  直行间隔=180  aim=0.200/current  rotate=-0.07
[进度] 4,554,752/100,000,000 (4.6%)  FPS≈1713  阶段=stage1_static  速度=0.00  直行间隔=180  aim=0.200/current  rotate=-0.07
[进度] 4,571,136/100,000,000 (4.6%)  FPS≈1734  阶段=stage1_static  速度=0.00  直行间隔=180  aim=0.200/current  rotate=-0.07
[进度] 4,587,520/100,000,000 (4.6%)  FPS≈1762  阶段=stage1_static  速度=0.00  直行间隔=180  aim=0.200/current  rotate=-0.07
[存盘] 课程元数据 model_t4587520_stage0_stage1_static.curriculum.json  stage=stage1_static  bot=static v=0.00
[存盘] runs/curriculum_aim/20260922_220311/checkpoints/model_t4587520_stage0_stage1_static.zip
[评测] 开始（100 局）…
  [评测进度] 10/100  kill(命中/开火)=0.600  direct(直击/开火)=0.500  弹数=20
  [评测进度] 20/100  kill(命中/开火)=0.579  direct(直击/开火)=0.526  弹数=38
  [评测进度] 30/100  kill(命中/开火)=0.552  direct(直击/开火)=0.433  弹数=67
  [评测进度] 40/100  kill(命中/开火)=0.530  direct(直击/开火)=0.380  弹数=100
  [评测进度] 50/100  kill(命中/开火)=0.546  direct(直击/开火)=0.403  弹数=119
  [评测进度] 60/100  kill(命中/开火)=0.542  direct(直击/开火)=0.396  弹数=144
  [评测进度] 70/100  kill(命中/开火)=0.526  direct(直击/开火)=0.392  弹数=171
  [评测进度] 80/100  kill(命中/开火)=0.541  direct(直击/开火)=0.397  弹数=194
  [评测进度] 90/100  kill(命中/开火)=0.529  direct(直击/开火)=0.394  弹数=221
  [评测进度] 100/100  kill(命中/开火)=0.537  direct(直击/开火)=0.394  弹数=246
------------------------------------------------------------
[评测] 阶段=stage1_static  局数=100
  kill_rate(命中/开火) = 0.537  hit_rate(直击/开火) = 0.394  中位TTK = 114
  TTK口径     : 首直击步数；无直击=该局结束步数（评测步限封顶）
  晋级条件 直击/开火 hit_rate≥0.10  当前=0.394  → 指标达标
  附加门槛 : 需中位TTK≤900
  转向阶梯中 : phase=3  rotate=-0.07  （此期间不晋级下一阶段，只按 hit_rate 下调转向）
  未晋级阶段：转向阶梯进行中（属预期）
------------------------------------------------------------
[进度] 4,603,904/100,000,000 (4.6%)  FPS≈1791  阶段=stage1_static  速度=0.00  直行间隔=180  aim=0.200/current  rotate=-0.07
[进度] 4,620,288/100,000,000 (4.6%)  FPS≈1755  阶段=stage1_static  速度=0.00  直行间隔=180  aim=0.200/current  rotate=-0.07
[进度] 4,636,672/100,000,000 (4.6%)  FPS≈1752  阶段=stage1_static  速度=0.00  直行间隔=180  aim=0.200/current  rotate=-0.07
[进度] 4,653,056/100,000,000 (4.7%)  FPS≈1782  阶段=stage1_static  速度=0.00  直行间隔=180  aim=0.200/current  rotate=-0.07
[进度] 4,669,440/100,000,000 (4.7%)  FPS≈1803  阶段=stage1_static  速度=0.00  直行间隔=180  aim=0.200/current  rotate=-0.07
[进度] 4,685,824/100,000,000 (4.7%)  FPS≈1699  阶段=stage1_static  速度=0.00  直行间隔=180  aim=0.200/current  rotate=-0.07
[进度] 4,702,208/100,000,000 (4.7%)  FPS≈1736  阶段=stage1_static  速度=0.00  直行间隔=180  aim=0.200/current  rotate=-0.07
[存盘] 课程元数据 model_t4702208_stage0_stage1_static.curriculum.json  stage=stage1_static  bot=static v=0.00
[存盘] runs/curriculum_aim/20260922_220311/checkpoints/model_t4702208_stage0_stage1_static.zip
[评测] 开始（100 局）…
  [评测进度] 10/100  kill(命中/开火)=0.485  direct(直击/开火)=0.273  弹数=33
  [评测进度] 20/100  kill(命中/开火)=0.491  direct(直击/开火)=0.358  弹数=53
  [评测进度] 30/100  kill(命中/开火)=0.474  direct(直击/开火)=0.368  弹数=76
  [评测进度] 40/100  kill(命中/开火)=0.495  direct(直击/开火)=0.398  弹数=93
  [评测进度] 50/100  kill(命中/开火)=0.500  direct(直击/开火)=0.420  弹数=112
  [评测进度] 60/100  kill(命中/开火)=0.474  direct(直击/开火)=0.400  弹数=135
  [评测进度] 70/100  kill(命中/开火)=0.487  direct(直击/开火)=0.410  弹数=156
  [评测进度] 80/100  kill(命中/开火)=0.481  direct(直击/开火)=0.395  弹数=185
  [评测进度] 90/100  kill(命中/开火)=0.485  direct(直击/开火)=0.403  弹数=206
  [评测进度] 100/100  kill(命中/开火)=0.494  direct(直击/开火)=0.387  弹数=235
------------------------------------------------------------
[评测] 阶段=stage1_static  局数=100
  kill_rate(命中/开火) = 0.494  hit_rate(直击/开火) = 0.387  中位TTK = 118
  TTK口径     : 首直击步数；无直击=该局结束步数（评测步限封顶）
  晋级条件 直击/开火 hit_rate≥0.10  当前=0.387  → 指标达标
  附加门槛 : 需中位TTK≤900
  转向阶梯中 : phase=3  rotate=-0.07  （此期间不晋级下一阶段，只按 hit_rate 下调转向）
  未晋级阶段：转向阶梯进行中（属预期）
------------------------------------------------------------
[进度] 4,718,592/100,000,000 (4.7%)  FPS≈1806  阶段=stage1_static  速度=0.00  直行间隔=180  aim=0.200/current  rotate=-0.07
[进度] 4,734,976/100,000,000 (4.7%)  FPS≈1727  阶段=stage1_static  速度=0.00  直行间隔=180  aim=0.200/current  rotate=-0.07
[进度] 4,751,360/100,000,000 (4.8%)  FPS≈1697  阶段=stage1_static  速度=0.00  直行间隔=180  aim=0.200/current  rotate=-0.07
[进度] 4,767,744/100,000,000 (4.8%)  FPS≈1729  阶段=stage1_static  速度=0.00  直行间隔=180  aim=0.200/current  rotate=-0.07
[进度] 4,784,128/100,000,000 (4.8%)  FPS≈1773  阶段=stage1_static  速度=0.00  直行间隔=180  aim=0.200/current  rotate=-0.07
[进度] 4,800,512/100,000,000 (4.8%)  FPS≈1706  阶段=stage1_static  速度=0.00  直行间隔=180  aim=0.200/current  rotate=-0.07
[进度] 4,816,896/100,000,000 (4.8%)  FPS≈1735  阶段=stage1_static  速度=0.00  直行间隔=180  aim=0.200/current  rotate=-0.07
[存盘] 课程元数据 model_t4816896_stage0_stage1_static.curriculum.json  stage=stage1_static  bot=static v=0.00
[存盘] runs/curriculum_aim/20260922_220311/checkpoints/model_t4816896_stage0_stage1_static.zip
[评测] 开始（100 局）…
  [评测进度] 10/100  kill(命中/开火)=0.632  direct(直击/开火)=0.526  弹数=19
  [评测进度] 20/100  kill(命中/开火)=0.610  direct(直击/开火)=0.439  弹数=41
  [评测进度] 30/100  kill(命中/开火)=0.583  direct(直击/开火)=0.467  弹数=60
  [评测进度] 40/100  kill(命中/开火)=0.582  direct(直击/开火)=0.481  弹数=79
  [评测进度] 50/100  kill(命中/开火)=0.538  direct(直击/开火)=0.443  弹数=106
  [评测进度] 60/100  kill(命中/开火)=0.540  direct(直击/开火)=0.460  弹数=124
  [评测进度] 70/100  kill(命中/开火)=0.503  direct(直击/开火)=0.431  弹数=153
  [评测进度] 80/100  kill(命中/开火)=0.520  direct(直击/开火)=0.429  弹数=177
  [评测进度] 90/100  kill(命中/开火)=0.523  direct(直击/开火)=0.432  弹数=199
  [评测进度] 100/100  kill(命中/开火)=0.525  direct(直击/开火)=0.430  弹数=223
------------------------------------------------------------
[评测] 阶段=stage1_static  局数=100
  kill_rate(命中/开火) = 0.525  hit_rate(直击/开火) = 0.430  中位TTK = 132
  TTK口径     : 首直击步数；无直击=该局结束步数（评测步限封顶）
  晋级条件 直击/开火 hit_rate≥0.10  当前=0.430  → 指标达标
  附加门槛 : 需中位TTK≤900
  转向阶梯中 : phase=3  rotate=-0.07  （此期间不晋级下一阶段，只按 hit_rate 下调转向）
  未晋级阶段：转向阶梯进行中（属预期）
------------------------------------------------------------
[进度] 4,833,280/100,000,000 (4.8%)  FPS≈1825  阶段=stage1_static  速度=0.00  直行间隔=180  aim=0.200/current  rotate=-0.07
[进度] 4,849,664/100,000,000 (4.8%)  FPS≈1757  阶段=stage1_static  速度=0.00  直行间隔=180  aim=0.200/current  rotate=-0.07
[进度] 4,866,048/100,000,000 (4.9%)  FPS≈1805  阶段=stage1_static  速度=0.00  直行间隔=180  aim=0.200/current  rotate=-0.07
[进度] 4,882,432/100,000,000 (4.9%)  FPS≈1834  阶段=stage1_static  速度=0.00  直行间隔=180  aim=0.200/current  rotate=-0.07
[进度] 4,898,816/100,000,000 (4.9%)  FPS≈1687  阶段=stage1_static  速度=0.00  直行间隔=180  aim=0.200/current  rotate=-0.07
[进度] 4,915,200/100,000,000 (4.9%)  FPS≈1729  阶段=stage1_static  速度=0.00  直行间隔=180  aim=0.200/current  rotate=-0.07
[进度] 4,931,584/100,000,000 (4.9%)  FPS≈1803  阶段=stage1_static  速度=0.00  直行间隔=180  aim=0.200/current  rotate=-0.07
[存盘] 课程元数据 model_t4931584_stage0_stage1_static.curriculum.json  stage=stage1_static  bot=static v=0.00
[存盘] runs/curriculum_aim/20260922_220311/checkpoints/model_t4931584_stage0_stage1_static.zip
[评测] 开始（100 局）…
  [评测进度] 10/100  kill(命中/开火)=0.560  direct(直击/开火)=0.360  弹数=25
  [评测进度] 20/100  kill(命中/开火)=0.583  direct(直击/开火)=0.396  弹数=48
  [评测进度] 30/100  kill(命中/开火)=0.609  direct(直击/开火)=0.453  弹数=64
  [评测进度] 40/100  kill(命中/开火)=0.616  direct(直击/开火)=0.453  弹数=86
  [评测进度] 50/100  kill(命中/开火)=0.613  direct(直击/开火)=0.462  弹数=106
  [评测进度] 60/100  kill(命中/开火)=0.629  direct(直击/开火)=0.424  弹数=132
  [评测进度] 70/100  kill(命中/开火)=0.638  direct(直击/开火)=0.430  弹数=149
  [评测进度] 80/100  kill(命中/开火)=0.632  direct(直击/开火)=0.433  弹数=171
  [评测进度] 90/100  kill(命中/开火)=0.626  direct(直击/开火)=0.442  弹数=190
  [评测进度] 100/100  kill(命中/开火)=0.635  direct(直击/开火)=0.458  弹数=203
------------------------------------------------------------
[评测] 阶段=stage1_static  局数=100
  kill_rate(命中/开火) = 0.635  hit_rate(直击/开火) = 0.458  中位TTK = 113
  TTK口径     : 首直击步数；无直击=该局结束步数（评测步限封顶）
  晋级条件 直击/开火 hit_rate≥0.10  当前=0.458  → 指标达标
  附加门槛 : 需中位TTK≤900
  转向阶梯中 : phase=3  rotate=-0.07  （此期间不晋级下一阶段，只按 hit_rate 下调转向）
  未晋级阶段：转向阶梯进行中（属预期）
------------------------------------------------------------
[进度] 4,947,968/100,000,000 (4.9%)  FPS≈1784  阶段=stage1_static  速度=0.00  直行间隔=180  aim=0.200/current  rotate=-0.07
[进度] 4,964,352/100,000,000 (5.0%)  FPS≈1767  阶段=stage1_static  速度=0.00  直行间隔=180  aim=0.200/current  rotate=-0.07
[进度] 4,980,736/100,000,000 (5.0%)  FPS≈1761  阶段=stage1_static  速度=0.00  直行间隔=180  aim=0.200/current  rotate=-0.07
[进度] 4,997,120/100,000,000 (5.0%)  FPS≈1704  阶段=stage1_static  速度=0.00  直行间隔=180  aim=0.200/current  rotate=-0.07
[进度] 5,013,504/100,000,000 (5.0%)  FPS≈1702  阶段=stage1_static  速度=0.00  直行间隔=180  aim=0.200/current  rotate=-0.07
[进度] 5,029,888/100,000,000 (5.0%)  FPS≈1824  阶段=stage1_static  速度=0.00  直行间隔=180  aim=0.200/current  rotate=-0.07
[进度] 5,046,272/100,000,000 (5.0%)  FPS≈1804  阶段=stage1_static  速度=0.00  直行间隔=180  aim=0.200/current  rotate=-0.07
[存盘] 课程元数据 model_t5046272_stage0_stage1_static.curriculum.json  stage=stage1_static  bot=static v=0.00
[存盘] runs/curriculum_aim/20260922_220311/checkpoints/model_t5046272_stage0_stage1_static.zip
[评测] 开始（100 局）…
  [评测进度] 10/100  kill(命中/开火)=0.474  direct(直击/开火)=0.474  弹数=19
  [评测进度] 20/100  kill(命中/开火)=0.488  direct(直击/开火)=0.442  弹数=43
  [评测进度] 30/100  kill(命中/开火)=0.541  direct(直击/开火)=0.475  弹数=61
  [评测进度] 40/100  kill(命中/开火)=0.537  direct(直击/开火)=0.487  弹数=80
  [评测进度] 50/100  kill(命中/开火)=0.545  direct(直击/开火)=0.485  弹数=101
  [评测进度] 60/100  kill(命中/开火)=0.541  direct(直击/开火)=0.484  弹数=122
  [评测进度] 70/100  kill(命中/开火)=0.534  direct(直击/开火)=0.473  弹数=146
  [评测进度] 80/100  kill(命中/开火)=0.540  direct(直击/开火)=0.485  弹数=163
  [评测进度] 90/100  kill(命中/开火)=0.554  direct(直击/开火)=0.503  弹数=177
  [评测进度] 100/100  kill(命中/开火)=0.576  direct(直击/开火)=0.483  弹数=203
------------------------------------------------------------
[评测] 阶段=stage1_static  局数=100
  kill_rate(命中/开火) = 0.576  hit_rate(直击/开火) = 0.483  中位TTK = 109
  TTK口径     : 首直击步数；无直击=该局结束步数（评测步限封顶）
  晋级条件 直击/开火 hit_rate≥0.10  当前=0.483  → 指标达标
  附加门槛 : 需中位TTK≤900
  转向阶梯中 : phase=3  rotate=-0.07  （此期间不晋级下一阶段，只按 hit_rate 下调转向）
  未晋级阶段：转向阶梯进行中（属预期）
------------------------------------------------------------
[进度] 5,062,656/100,000,000 (5.1%)  FPS≈1797  阶段=stage1_static  速度=0.00  直行间隔=180  aim=0.200/current  rotate=-0.07
[进度] 5,079,040/100,000,000 (5.1%)  FPS≈1767  阶段=stage1_static  速度=0.00  直行间隔=180  aim=0.200/current  rotate=-0.07
[进度] 5,095,424/100,000,000 (5.1%)  FPS≈1800  阶段=stage1_static  速度=0.00  直行间隔=180  aim=0.200/current  rotate=-0.07
[进度] 5,111,808/100,000,000 (5.1%)  FPS≈1796  阶段=stage1_static  速度=0.00  直行间隔=180  aim=0.200/current  rotate=-0.07
[进度] 5,128,192/100,000,000 (5.1%)  FPS≈1775  阶段=stage1_static  速度=0.00  直行间隔=180  aim=0.200/current  rotate=-0.07
[进度] 5,144,576/100,000,000 (5.1%)  FPS≈1807  阶段=stage1_static  速度=0.00  直行间隔=180  aim=0.200/current  rotate=-0.07
[进度] 5,160,960/100,000,000 (5.2%)  FPS≈1835  阶段=stage1_static  速度=0.00  直行间隔=180  aim=0.200/current  rotate=-0.07
[存盘] 课程元数据 model_t5160960_stage0_stage1_static.curriculum.json  stage=stage1_static  bot=static v=0.00
[存盘] runs/curriculum_aim/20260922_220311/checkpoints/model_t5160960_stage0_stage1_static.zip
[评测] 开始（100 局）…
  [评测进度] 10/100  kill(命中/开火)=0.524  direct(直击/开火)=0.476  弹数=21
  [评测进度] 20/100  kill(命中/开火)=0.524  direct(直击/开火)=0.476  弹数=42
  [评测进度] 30/100  kill(命中/开火)=0.508  direct(直击/开火)=0.462  弹数=65
  [评测进度] 40/100  kill(命中/开火)=0.512  direct(直击/开火)=0.476  弹数=84
  [评测进度] 50/100  kill(命中/开火)=0.529  direct(直击/开火)=0.490  弹数=102
  [评测进度] 60/100  kill(命中/开火)=0.524  direct(直击/开火)=0.484  弹数=124
  [评测进度] 70/100  kill(命中/开火)=0.528  direct(直击/开火)=0.486  弹数=144
  [评测进度] 80/100  kill(命中/开火)=0.537  direct(直击/开火)=0.494  弹数=162
  [评测进度] 90/100  kill(命中/开火)=0.544  direct(直击/开火)=0.500  弹数=180
  [评测进度] 100/100  kill(命中/开火)=0.540  direct(直击/开火)=0.495  弹数=202
------------------------------------------------------------
[评测] 阶段=stage1_static  局数=100
  kill_rate(命中/开火) = 0.540  hit_rate(直击/开火) = 0.495  中位TTK = 111
  TTK口径     : 首直击步数；无直击=该局结束步数（评测步限封顶）
  晋级条件 直击/开火 hit_rate≥0.10  当前=0.495  → 指标达标
  附加门槛 : 需中位TTK≤900
  转向阶梯中 : phase=3  rotate=-0.07  （此期间不晋级下一阶段，只按 hit_rate 下调转向）
  未晋级阶段：转向阶梯进行中（属预期）
------------------------------------------------------------
[进度] 5,177,344/100,000,000 (5.2%)  FPS≈1838  阶段=stage1_static  速度=0.00  直行间隔=180  aim=0.200/current  rotate=-0.07
[进度] 5,193,728/100,000,000 (5.2%)  FPS≈1842  阶段=stage1_static  速度=0.00  直行间隔=180  aim=0.200/current  rotate=-0.07
[进度] 5,210,112/100,000,000 (5.2%)  FPS≈1817  阶段=stage1_static  速度=0.00  直行间隔=180  aim=0.200/current  rotate=-0.07
[进度] 5,226,496/100,000,000 (5.2%)  FPS≈1791  阶段=stage1_static  速度=0.00  直行间隔=180  aim=0.200/current  rotate=-0.07
[进度] 5,242,880/100,000,000 (5.2%)  FPS≈1781  阶段=stage1_static  速度=0.00  直行间隔=180  aim=0.200/current  rotate=-0.07
[进度] 5,259,264/100,000,000 (5.3%)  FPS≈1802  阶段=stage1_static  速度=0.00  直行间隔=180  aim=0.200/current  rotate=-0.07
[进度] 5,275,648/100,000,000 (5.3%)  FPS≈1801  阶段=stage1_static  速度=0.00  直行间隔=180  aim=0.200/current  rotate=-0.07
[存盘] 课程元数据 model_t5275648_stage0_stage1_static.curriculum.json  stage=stage1_static  bot=static v=0.00
[存盘] runs/curriculum_aim/20260922_220311/checkpoints/model_t5275648_stage0_stage1_static.zip
[评测] 开始（100 局）…
  [评测进度] 10/100  kill(命中/开火)=0.455  direct(直击/开火)=0.455  弹数=22
  [评测进度] 20/100  kill(命中/开火)=0.468  direct(直击/开火)=0.404  弹数=47
  [评测进度] 30/100  kill(命中/开火)=0.471  direct(直击/开火)=0.426  弹数=68
  [评测进度] 40/100  kill(命中/开火)=0.479  direct(直击/开火)=0.404  弹数=94
  [评测进度] 50/100  kill(命中/开火)=0.487  direct(直击/开火)=0.410  弹数=117
  [评测进度] 60/100  kill(命中/开火)=0.504  direct(直击/开火)=0.430  弹数=135
  [评测进度] 70/100  kill(命中/开火)=0.516  direct(直击/开火)=0.439  弹数=155
  [评测进度] 80/100  kill(命中/开火)=0.505  direct(直击/开火)=0.429  弹数=182
  [评测进度] 90/100  kill(命中/开火)=0.507  direct(直击/开火)=0.424  弹数=205
  [评测进度] 100/100  kill(命中/开火)=0.496  direct(直击/开火)=0.414  弹数=232
------------------------------------------------------------
[评测] 阶段=stage1_static  局数=100
  kill_rate(命中/开火) = 0.496  hit_rate(直击/开火) = 0.414  中位TTK = 112
  TTK口径     : 首直击步数；无直击=该局结束步数（评测步限封顶）
  晋级条件 直击/开火 hit_rate≥0.10  当前=0.414  → 指标达标
  附加门槛 : 需中位TTK≤900
  转向阶梯中 : phase=3  rotate=-0.07  （此期间不晋级下一阶段，只按 hit_rate 下调转向）
  未晋级阶段：转向阶梯进行中（属预期）
------------------------------------------------------------
[进度] 5,292,032/100,000,000 (5.3%)  FPS≈1759  阶段=stage1_static  速度=0.00  直行间隔=180  aim=0.200/current  rotate=-0.07
[进度] 5,308,416/100,000,000 (5.3%)  FPS≈1777  阶段=stage1_static  速度=0.00  直行间隔=180  aim=0.200/current  rotate=-0.07
[进度] 5,324,800/100,000,000 (5.3%)  FPS≈1834  阶段=stage1_static  速度=0.00  直行间隔=180  aim=0.200/current  rotate=-0.07
[进度] 5,341,184/100,000,000 (5.3%)  FPS≈1771  阶段=stage1_static  速度=0.00  直行间隔=180  aim=0.200/current  rotate=-0.07
[进度] 5,357,568/100,000,000 (5.4%)  FPS≈1841  阶段=stage1_static  速度=0.00  直行间隔=180  aim=0.200/current  rotate=-0.07
[进度] 5,373,952/100,000,000 (5.4%)  FPS≈1811  阶段=stage1_static  速度=0.00  直行间隔=180  aim=0.200/current  rotate=-0.07
[进度] 5,390,336/100,000,000 (5.4%)  FPS≈1715  阶段=stage1_static  速度=0.00  直行间隔=180  aim=0.200/current  rotate=-0.07
[存盘] 课程元数据 model_t5390336_stage0_stage1_static.curriculum.json  stage=stage1_static  bot=static v=0.00
[存盘] runs/curriculum_aim/20260922_220311/checkpoints/model_t5390336_stage0_stage1_static.zip
[评测] 开始（100 局）…
  [评测进度] 10/100  kill(命中/开火)=0.500  direct(直击/开火)=0.500  弹数=20
  [评测进度] 20/100  kill(命中/开火)=0.500  direct(直击/开火)=0.500  弹数=40
  [评测进度] 30/100  kill(命中/开火)=0.517  direct(直击/开火)=0.517  弹数=58
  [评测进度] 40/100  kill(命中/开火)=0.537  direct(直击/开火)=0.488  弹数=82
  [评测进度] 50/100  kill(命中/开火)=0.535  direct(直击/开火)=0.495  弹数=101
  [评测进度] 60/100  kill(命中/开火)=0.537  direct(直击/开火)=0.496  弹数=121
  [评测进度] 70/100  kill(命中/开火)=0.532  direct(直击/开火)=0.496  弹数=141
  [评测进度] 80/100  kill(命中/开火)=0.547  direct(直击/开火)=0.503  弹数=159
  [评测进度] 90/100  kill(命中/开火)=0.559  direct(直击/开火)=0.508  弹数=177
  [评测进度] 100/100  kill(命中/开火)=0.558  direct(直击/开火)=0.508  弹数=197
------------------------------------------------------------
[评测] 阶段=stage1_static  局数=100
  kill_rate(命中/开火) = 0.558  hit_rate(直击/开火) = 0.508  中位TTK = 110
  TTK口径     : 首直击步数；无直击=该局结束步数（评测步限封顶）
  晋级条件 直击/开火 hit_rate≥0.10  当前=0.508  → 指标达标
  附加门槛 : 需中位TTK≤900
  转向阶梯中 : phase=3  rotate=-0.07  （此期间不晋级下一阶段，只按 hit_rate 下调转向）
  未晋级阶段：转向阶梯进行中（属预期）
------------------------------------------------------------
[进度] 5,406,720/100,000,000 (5.4%)  FPS≈1762  阶段=stage1_static  速度=0.00  直行间隔=180  aim=0.200/current  rotate=-0.07
[进度] 5,423,104/100,000,000 (5.4%)  FPS≈1775  阶段=stage1_static  速度=0.00  直行间隔=180  aim=0.200/current  rotate=-0.07
[进度] 5,439,488/100,000,000 (5.4%)  FPS≈1835  阶段=stage1_static  速度=0.00  直行间隔=180  aim=0.200/current  rotate=-0.07
[进度] 5,455,872/100,000,000 (5.5%)  FPS≈1779  阶段=stage1_static  速度=0.00  直行间隔=180  aim=0.200/current  rotate=-0.07
[进度] 5,472,256/100,000,000 (5.5%)  FPS≈1782  阶段=stage1_static  速度=0.00  直行间隔=180  aim=0.200/current  rotate=-0.07
[进度] 5,488,640/100,000,000 (5.5%)  FPS≈1735  阶段=stage1_static  速度=0.00  直行间隔=180  aim=0.200/current  rotate=-0.07
[进度] 5,505,024/100,000,000 (5.5%)  FPS≈1848  阶段=stage1_static  速度=0.00  直行间隔=180  aim=0.200/current  rotate=-0.07
[存盘] 课程元数据 model_t5505024_stage0_stage1_static.curriculum.json  stage=stage1_static  bot=static v=0.00
[存盘] runs/curriculum_aim/20260922_220311/checkpoints/model_t5505024_stage0_stage1_static.zip
[评测] 开始（100 局）…
  [评测进度] 10/100  kill(命中/开火)=0.636  direct(直击/开火)=0.409  弹数=22
  [评测进度] 20/100  kill(命中/开火)=0.585  direct(直击/开火)=0.463  弹数=41
  [评测进度] 30/100  kill(命中/开火)=0.610  direct(直击/开火)=0.492  弹数=59
  [评测进度] 40/100  kill(命中/开火)=0.600  direct(直击/开火)=0.507  弹数=75
  [评测进度] 50/100  kill(命中/开火)=0.583  direct(直击/开火)=0.490  弹数=96
  [评测进度] 60/100  kill(命中/开火)=0.578  direct(直击/开火)=0.491  弹数=116
  [评测进度] 70/100  kill(命中/开火)=0.583  direct(直击/开火)=0.500  弹数=132
  [评测进度] 80/100  kill(命中/开火)=0.572  direct(直击/开火)=0.500  弹数=152
  [评测进度] 90/100  kill(命中/开火)=0.577  direct(直击/开火)=0.506  弹数=168
  [评测进度] 100/100  kill(命中/开火)=0.584  direct(直击/开火)=0.514  弹数=185
------------------------------------------------------------
[评测] 阶段=stage1_static  局数=100
  kill_rate(命中/开火) = 0.584  hit_rate(直击/开火) = 0.514  中位TTK = 110
  TTK口径     : 首直击步数；无直击=该局结束步数（评测步限封顶）
  晋级条件 直击/开火 hit_rate≥0.10  当前=0.514  → 指标达标
  附加门槛 : 需中位TTK≤900
  转向阶梯中 : phase=3  rotate=-0.07  （此期间不晋级下一阶段，只按 hit_rate 下调转向）
  未晋级阶段：转向阶梯进行中（属预期）
------------------------------------------------------------
[进度] 5,521,408/100,000,000 (5.5%)  FPS≈1814  阶段=stage1_static  速度=0.00  直行间隔=180  aim=0.200/current  rotate=-0.07
[进度] 5,537,792/100,000,000 (5.5%)  FPS≈1805  阶段=stage1_static  速度=0.00  直行间隔=180  aim=0.200/current  rotate=-0.07
[进度] 5,554,176/100,000,000 (5.6%)  FPS≈1804  阶段=stage1_static  速度=0.00  直行间隔=180  aim=0.200/current  rotate=-0.07
[进度] 5,570,560/100,000,000 (5.6%)  FPS≈1796  阶段=stage1_static  速度=0.00  直行间隔=180  aim=0.200/current  rotate=-0.07
[进度] 5,586,944/100,000,000 (5.6%)  FPS≈1874  阶段=stage1_static  速度=0.00  直行间隔=180  aim=0.200/current  rotate=-0.07
[进度] 5,603,328/100,000,000 (5.6%)  FPS≈1861  阶段=stage1_static  速度=0.00  直行间隔=180  aim=0.200/current  rotate=-0.07
[进度] 5,619,712/100,000,000 (5.6%)  FPS≈1782  阶段=stage1_static  速度=0.00  直行间隔=180  aim=0.200/current  rotate=-0.07
[存盘] 课程元数据 model_t5619712_stage0_stage1_static.curriculum.json  stage=stage1_static  bot=static v=0.00
[存盘] runs/curriculum_aim/20260922_220311/checkpoints/model_t5619712_stage0_stage1_static.zip
[评测] 开始（100 局）…
  [评测进度] 10/100  kill(命中/开火)=0.579  direct(直击/开火)=0.526  弹数=19
  [评测进度] 20/100  kill(命中/开火)=0.553  direct(直击/开火)=0.526  弹数=38
  [评测进度] 30/100  kill(命中/开火)=0.554  direct(直击/开火)=0.536  弹数=56
  [评测进度] 40/100  kill(命中/开火)=0.553  direct(直击/开火)=0.526  弹数=76
  [评测进度] 50/100  kill(命中/开火)=0.515  direct(直击/开火)=0.485  弹数=101
  [评测进度] 60/100  kill(命中/开火)=0.496  direct(直击/开火)=0.472  弹数=125
  [评测进度] 70/100  kill(命中/开火)=0.507  direct(直击/开火)=0.486  弹数=142
  [评测进度] 80/100  kill(命中/开火)=0.506  direct(直击/开火)=0.488  弹数=162
  [评测进度] 90/100  kill(命中/开火)=0.516  direct(直击/开火)=0.489  弹数=182
  [评测进度] 100/100  kill(命中/开火)=0.523  direct(直击/开火)=0.497  弹数=199
------------------------------------------------------------
[评测] 阶段=stage1_static  局数=100
  kill_rate(命中/开火) = 0.523  hit_rate(直击/开火) = 0.497  中位TTK = 117
  TTK口径     : 首直击步数；无直击=该局结束步数（评测步限封顶）
  晋级条件 直击/开火 hit_rate≥0.10  当前=0.497  → 指标达标
  附加门槛 : 需中位TTK≤900
  转向阶梯中 : phase=3  rotate=-0.07  （此期间不晋级下一阶段，只按 hit_rate 下调转向）
  未晋级阶段：转向阶梯进行中（属预期）
------------------------------------------------------------
[进度] 5,636,096/100,000,000 (5.6%)  FPS≈1740  阶段=stage1_static  速度=0.00  直行间隔=180  aim=0.200/current  rotate=-0.07
[进度] 5,652,480/100,000,000 (5.7%)  FPS≈1745  阶段=stage1_static  速度=0.00  直行间隔=180  aim=0.200/current  rotate=-0.07
[进度] 5,668,864/100,000,000 (5.7%)  FPS≈1801  阶段=stage1_static  速度=0.00  直行间隔=180  aim=0.200/current  rotate=-0.07
[进度] 5,685,248/100,000,000 (5.7%)  FPS≈1822  阶段=stage1_static  速度=0.00  直行间隔=180  aim=0.200/current  rotate=-0.07
[进度] 5,701,632/100,000,000 (5.7%)  FPS≈1788  阶段=stage1_static  速度=0.00  直行间隔=180  aim=0.200/current  rotate=-0.07
[进度] 5,718,016/100,000,000 (5.7%)  FPS≈1808  阶段=stage1_static  速度=0.00  直行间隔=180  aim=0.200/current  rotate=-0.07
[进度] 5,734,400/100,000,000 (5.7%)  FPS≈1817  阶段=stage1_static  速度=0.00  直行间隔=180  aim=0.200/current  rotate=-0.07
[存盘] 课程元数据 model_t5734400_stage0_stage1_static.curriculum.json  stage=stage1_static  bot=static v=0.00
[存盘] runs/curriculum_aim/20260922_220311/checkpoints/model_t5734400_stage0_stage1_static.zip
[评测] 开始（100 局）…
  [评测进度] 10/100  kill(命中/开火)=0.579  direct(直击/开火)=0.526  弹数=19
  [评测进度] 20/100  kill(命中/开火)=0.467  direct(直击/开火)=0.422  弹数=45
  [评测进度] 30/100  kill(命中/开火)=0.470  direct(直击/开火)=0.439  弹数=66
  [评测进度] 40/100  kill(命中/开火)=0.472  direct(直击/开火)=0.438  弹数=89
  [评测进度] 50/100  kill(命中/开火)=0.481  direct(直击/开火)=0.454  弹数=108
  [评测进度] 60/100  kill(命中/开火)=0.488  direct(直击/开火)=0.457  弹数=129
  [评测进度] 70/100  kill(命中/开火)=0.500  direct(直击/开火)=0.466  弹数=148
  [评测进度] 80/100  kill(命中/开火)=0.503  direct(直击/开火)=0.467  弹数=169
  [评测进度] 90/100  kill(命中/开火)=0.511  direct(直击/开火)=0.473  弹数=188
  [评测进度] 100/100  kill(命中/开火)=0.524  direct(直击/开火)=0.471  弹数=210
------------------------------------------------------------
[评测] 阶段=stage1_static  局数=100
  kill_rate(命中/开火) = 0.524  hit_rate(直击/开火) = 0.471  中位TTK = 113
  TTK口径     : 首直击步数；无直击=该局结束步数（评测步限封顶）
  晋级条件 直击/开火 hit_rate≥0.10  当前=0.471  → 指标达标
  附加门槛 : 需中位TTK≤900
  转向阶梯中 : phase=3  rotate=-0.07  （此期间不晋级下一阶段，只按 hit_rate 下调转向）
  未晋级阶段：转向阶梯进行中（属预期）
------------------------------------------------------------
[进度] 5,750,784/100,000,000 (5.8%)  FPS≈1761  阶段=stage1_static  速度=0.00  直行间隔=180  aim=0.200/current  rotate=-0.07
[进度] 5,767,168/100,000,000 (5.8%)  FPS≈1866  阶段=stage1_static  速度=0.00  直行间隔=180  aim=0.200/current  rotate=-0.07
[进度] 5,783,552/100,000,000 (5.8%)  FPS≈1789  阶段=stage1_static  速度=0.00  直行间隔=180  aim=0.200/current  rotate=-0.07
[进度] 5,799,936/100,000,000 (5.8%)  FPS≈1787  阶段=stage1_static  速度=0.00  直行间隔=180  aim=0.200/current  rotate=-0.07
[进度] 5,816,320/100,000,000 (5.8%)  FPS≈1811  阶段=stage1_static  速度=0.00  直行间隔=180  aim=0.200/current  rotate=-0.07
[进度] 5,832,704/100,000,000 (5.8%)  FPS≈1783  阶段=stage1_static  速度=0.00  直行间隔=180  aim=0.200/current  rotate=-0.07
[进度] 5,849,088/100,000,000 (5.8%)  FPS≈1746  阶段=stage1_static  速度=0.00  直行间隔=180  aim=0.200/current  rotate=-0.07
[存盘] 课程元数据 model_t5849088_stage0_stage1_static.curriculum.json  stage=stage1_static  bot=static v=0.00
[存盘] runs/curriculum_aim/20260922_220311/checkpoints/model_t5849088_stage0_stage1_static.zip
[评测] 开始（100 局）…
  [评测进度] 10/100  kill(命中/开火)=0.440  direct(直击/开火)=0.400  弹数=25
  [评测进度] 20/100  kill(命中/开火)=0.488  direct(直击/开火)=0.465  弹数=43
  [评测进度] 30/100  kill(命中/开火)=0.508  direct(直击/开火)=0.492  弹数=61
  [评测进度] 40/100  kill(命中/开火)=0.494  direct(直击/开火)=0.482  弹数=83
  [评测进度] 50/100  kill(命中/开火)=0.500  direct(直击/开火)=0.481  弹数=104
  [评测进度] 60/100  kill(命中/开火)=0.523  direct(直击/开火)=0.462  弹数=130
  [评测进度] 70/100  kill(命中/开火)=0.530  direct(直击/开火)=0.470  弹数=149
  [评测进度] 80/100  kill(命中/开火)=0.517  direct(直击/开火)=0.460  弹数=174
  [评测进度] 90/100  kill(命中/开火)=0.523  direct(直击/开火)=0.466  弹数=193
  [评测进度] 100/100  kill(命中/开火)=0.516  direct(直击/开火)=0.465  弹数=215
------------------------------------------------------------
[评测] 阶段=stage1_static  局数=100
  kill_rate(命中/开火) = 0.516  hit_rate(直击/开火) = 0.465  中位TTK = 112
  TTK口径     : 首直击步数；无直击=该局结束步数（评测步限封顶）
  晋级条件 直击/开火 hit_rate≥0.10  当前=0.465  → 指标达标
  附加门槛 : 需中位TTK≤900
  转向阶梯中 : phase=3  rotate=-0.07  （此期间不晋级下一阶段，只按 hit_rate 下调转向）
  未晋级阶段：转向阶梯进行中（属预期）
------------------------------------------------------------
[进度] 5,865,472/100,000,000 (5.9%)  FPS≈1837  阶段=stage1_static  速度=0.00  直行间隔=180  aim=0.200/current  rotate=-0.07
[进度] 5,881,856/100,000,000 (5.9%)  FPS≈1799  阶段=stage1_static  速度=0.00  直行间隔=180  aim=0.200/current  rotate=-0.07
[进度] 5,898,240/100,000,000 (5.9%)  FPS≈1779  阶段=stage1_static  速度=0.00  直行间隔=180  aim=0.200/current  rotate=-0.07
[进度] 5,914,624/100,000,000 (5.9%)  FPS≈1782  阶段=stage1_static  速度=0.00  直行间隔=180  aim=0.200/current  rotate=-0.07
[进度] 5,931,008/100,000,000 (5.9%)  FPS≈1750  阶段=stage1_static  速度=0.00  直行间隔=180  aim=0.200/current  rotate=-0.07
[进度] 5,947,392/100,000,000 (5.9%)  FPS≈1818  阶段=stage1_static  速度=0.00  直行间隔=180  aim=0.200/current  rotate=-0.07
[进度] 5,963,776/100,000,000 (6.0%)  FPS≈1823  阶段=stage1_static  速度=0.00  直行间隔=180  aim=0.200/current  rotate=-0.07
[存盘] 课程元数据 model_t5963776_stage0_stage1_static.curriculum.json  stage=stage1_static  bot=static v=0.00
[存盘] runs/curriculum_aim/20260922_220311/checkpoints/model_t5963776_stage0_stage1_static.zip
[评测] 开始（100 局）…
  [评测进度] 10/100  kill(命中/开火)=0.640  direct(直击/开火)=0.400  弹数=25
  [评测进度] 20/100  kill(命中/开火)=0.565  direct(直击/开火)=0.435  弹数=46
  [评测进度] 30/100  kill(命中/开火)=0.545  direct(直击/开火)=0.455  弹数=66
  [评测进度] 40/100  kill(命中/开火)=0.495  direct(直击/开火)=0.421  弹数=95
  [评测进度] 50/100  kill(命中/开火)=0.509  direct(直击/开火)=0.431  弹数=116
  [评测进度] 60/100  kill(命中/开火)=0.522  direct(直击/开火)=0.435  弹数=138
  [评测进度] 70/100  kill(命中/开火)=0.526  direct(直击/开火)=0.449  弹数=156
  [评测进度] 80/100  kill(命中/开火)=0.522  direct(直击/开火)=0.444  弹数=180
  [评测进度] 90/100  kill(命中/开火)=0.520  direct(直击/开火)=0.446  弹数=202
  [评测进度] 100/100  kill(命中/开火)=0.523  direct(直击/开火)=0.450  弹数=222
------------------------------------------------------------
[评测] 阶段=stage1_static  局数=100
  kill_rate(命中/开火) = 0.523  hit_rate(直击/开火) = 0.450  中位TTK = 114
  TTK口径     : 首直击步数；无直击=该局结束步数（评测步限封顶）
  晋级条件 直击/开火 hit_rate≥0.10  当前=0.450  → 指标达标
  附加门槛 : 需中位TTK≤900
  转向阶梯中 : phase=3  rotate=-0.07  （此期间不晋级下一阶段，只按 hit_rate 下调转向）
  未晋级阶段：转向阶梯进行中（属预期）
------------------------------------------------------------
[进度] 5,980,160/100,000,000 (6.0%)  FPS≈1750  阶段=stage1_static  速度=0.00  直行间隔=180  aim=0.200/current  rotate=-0.07
[进度] 5,996,544/100,000,000 (6.0%)  FPS≈1670  阶段=stage1_static  速度=0.00  直行间隔=180  aim=0.200/current  rotate=-0.07
[进度] 6,012,928/100,000,000 (6.0%)  FPS≈1716  阶段=stage1_static  速度=0.00  直行间隔=180  aim=0.200/current  rotate=-0.07
[进度] 6,029,312/100,000,000 (6.0%)  FPS≈1663  阶段=stage1_static  速度=0.00  直行间隔=180  aim=0.200/current  rotate=-0.07
已终止
