[续训] 新时间戳 run（自 20260922_194445）→ 20260922_215130；起点已存为 named/model_0（0号模型）
============================================================
瞄准课程 PPO 训练（断点续训）
============================================================
  配置文件     : configs/train/curriculum_aim.yaml
  本次运行目录 : runs/curriculum_aim/20260922_215130
  续训权重     : runs/curriculum_aim/20260922_215130/named/model_0.zip
  已训步数     : 3,899,392 → 目标 100,000,000
  设备         : cpu
  总步数       : 100,000,000
  并行环境     : 8
  帧堆叠       : 选择性 3 步距=3 depth=7 lags=[6, 3, 0]（开火/子弹仅当前） + 确定性均值×3 → 输入维 101
  评测间隔     : 每 100,000 步 / 100 局（单局≤600步）
  存盘间隔     : 每 100,000 步 → runs/curriculum_aim/20260922_215130/checkpoints/
  晋级存盘     : 每次晋级 → runs/curriculum_aim/20260922_215130/promotions/
------------------------------------------------------------
  当前阶段     : stage1_static (1/3)
  对手         : mode=static  speed=0.00
  奖励         : aim=0.2 mode=current  kill=100.0  rotate=-0.07
  转向阶梯     : phase=3/0  levels=[-0.07]  推进条件 hit_rate>1.01  末档再达标=否
------------------------------------------------------------
  TensorBoard  : tensorboard --logdir runs/curriculum_aim
  浏览器打开   : http://localhost:6006
============================================================
[续训] 覆盖超参 learning_rate=0.0001  ent_coef=0.01
[进度] 3,915,776/100,000,000 (3.9%)  FPS≈1877  阶段=stage1_static  速度=0.00  直行间隔=180  aim=0.200/current  rotate=-0.07
[进度] 3,932,160/100,000,000 (3.9%)  FPS≈1614  阶段=stage1_static  速度=0.00  直行间隔=180  aim=0.200/current  rotate=-0.07
[进度] 3,948,544/100,000,000 (3.9%)  FPS≈1681  阶段=stage1_static  速度=0.00  直行间隔=180  aim=0.200/current  rotate=-0.07
[进度] 3,964,928/100,000,000 (4.0%)  FPS≈1680  阶段=stage1_static  速度=0.00  直行间隔=180  aim=0.200/current  rotate=-0.07
[进度] 3,981,312/100,000,000 (4.0%)  FPS≈1679  阶段=stage1_static  速度=0.00  直行间隔=180  aim=0.200/current  rotate=-0.07
[进度] 3,997,696/100,000,000 (4.0%)  FPS≈1700  阶段=stage1_static  速度=0.00  直行间隔=180  aim=0.200/current  rotate=-0.07
[进度] 4,014,080/100,000,000 (4.0%)  FPS≈1585  阶段=stage1_static  速度=0.00  直行间隔=180  aim=0.200/current  rotate=-0.07
[存盘] 课程元数据 model_t4014080_stage0_stage1_static.curriculum.json  stage=stage1_static  bot=static v=0.00
[存盘] runs/curriculum_aim/20260922_215130/checkpoints/model_t4014080_stage0_stage1_static.zip
[评测] 开始（100 局）…
  [评测进度] 10/100  kill(命中/开火)=0.520  direct(直击/开火)=0.200  弹数=25
  [评测进度] 20/100  kill(命中/开火)=0.463  direct(直击/开火)=0.244  弹数=41
  [评测进度] 30/100  kill(命中/开火)=0.453  direct(直击/开火)=0.281  弹数=64
  [评测进度] 40/100  kill(命中/开火)=0.440  direct(直击/开火)=0.286  弹数=84
  [评测进度] 50/100  kill(命中/开火)=0.406  direct(直击/开火)=0.277  弹数=101
  [评测进度] 60/100  kill(命中/开火)=0.400  direct(直击/开火)=0.287  弹数=115
  [评测进度] 70/100  kill(命中/开火)=0.421  direct(直击/开火)=0.310  弹数=126
  [评测进度] 80/100  kill(命中/开火)=0.429  direct(直击/开火)=0.314  弹数=140
  [评测进度] 90/100  kill(命中/开火)=0.441  direct(直击/开火)=0.316  弹数=152
  [评测进度] 100/100  kill(命中/开火)=0.448  direct(直击/开火)=0.303  弹数=165
------------------------------------------------------------
[评测] 阶段=stage1_static  局数=100
  kill_rate(命中/开火) = 0.448  hit_rate(直击/开火) = 0.303  中位TTK = 548
  TTK口径     : 首直击步数；无直击=该局结束步数（评测步限封顶）
  晋级条件 直击/开火 hit_rate≥0.10  当前=0.303  → 指标达标
  附加门槛 : 需中位TTK≤900
  转向阶梯中 : phase=3  rotate=-0.07  （此期间不晋级下一阶段，只按 hit_rate 下调转向）
  未晋级阶段：转向阶梯进行中（属预期）
------------------------------------------------------------
[进度] 4,030,464/100,000,000 (4.0%)  FPS≈1719  阶段=stage1_static  速度=0.00  直行间隔=180  aim=0.200/current  rotate=-0.07
[进度] 4,046,848/100,000,000 (4.0%)  FPS≈1711  阶段=stage1_static  速度=0.00  直行间隔=180  aim=0.200/current  rotate=-0.07
[进度] 4,063,232/100,000,000 (4.1%)  FPS≈1647  阶段=stage1_static  速度=0.00  直行间隔=180  aim=0.200/current  rotate=-0.07
[进度] 4,079,616/100,000,000 (4.1%)  FPS≈1751  阶段=stage1_static  速度=0.00  直行间隔=180  aim=0.200/current  rotate=-0.07
[进度] 4,096,000/100,000,000 (4.1%)  FPS≈1757  阶段=stage1_static  速度=0.00  直行间隔=180  aim=0.200/current  rotate=-0.07
[进度] 4,112,384/100,000,000 (4.1%)  FPS≈1688  阶段=stage1_static  速度=0.00  直行间隔=180  aim=0.200/current  rotate=-0.07
[进度] 4,128,768/100,000,000 (4.1%)  FPS≈1746  阶段=stage1_static  速度=0.00  直行间隔=180  aim=0.200/current  rotate=-0.07
[存盘] 课程元数据 model_t4128768_stage0_stage1_static.curriculum.json  stage=stage1_static  bot=static v=0.00
[存盘] runs/curriculum_aim/20260922_215130/checkpoints/model_t4128768_stage0_stage1_static.zip
[评测] 开始（100 局）…
  [评测进度] 10/100  kill(命中/开火)=0.381  direct(直击/开火)=0.286  弹数=21
  [评测进度] 20/100  kill(命中/开火)=0.417  direct(直击/开火)=0.306  弹数=36
  [评测进度] 30/100  kill(命中/开火)=0.386  direct(直击/开火)=0.295  弹数=44
  [评测进度] 40/100  kill(命中/开火)=0.350  direct(直击/开火)=0.267  弹数=60
  [评测进度] 50/100  kill(命中/开火)=0.351  direct(直击/开火)=0.243  弹数=74
  [评测进度] 60/100  kill(命中/开火)=0.367  direct(直击/开火)=0.267  弹数=90
  [评测进度] 70/100  kill(命中/开火)=0.378  direct(直击/开火)=0.265  弹数=98
  [评测进度] 80/100  kill(命中/开火)=0.411  direct(直击/开火)=0.295  弹数=112
  [评测进度] 90/100  kill(命中/开火)=0.440  direct(直击/开火)=0.336  弹数=125
  [评测进度] 100/100  kill(命中/开火)=0.456  direct(直击/开火)=0.353  弹数=136
------------------------------------------------------------
[评测] 阶段=stage1_static  局数=100
  kill_rate(命中/开火) = 0.456  hit_rate(直击/开火) = 0.353  中位TTK = 600
  TTK口径     : 首直击步数；无直击=该局结束步数（评测步限封顶）
  晋级条件 直击/开火 hit_rate≥0.10  当前=0.353  → 指标达标
  附加门槛 : 需中位TTK≤900
  转向阶梯中 : phase=3  rotate=-0.07  （此期间不晋级下一阶段，只按 hit_rate 下调转向）
  未晋级阶段：转向阶梯进行中（属预期）
------------------------------------------------------------
[进度] 4,145,152/100,000,000 (4.1%)  FPS≈1644  阶段=stage1_static  速度=0.00  直行间隔=180  aim=0.200/current  rotate=-0.07
[进度] 4,161,536/100,000,000 (4.2%)  FPS≈1645  阶段=stage1_static  速度=0.00  直行间隔=180  aim=0.200/current  rotate=-0.07
[进度] 4,177,920/100,000,000 (4.2%)  FPS≈1713  阶段=stage1_static  速度=0.00  直行间隔=180  aim=0.200/current  rotate=-0.07
[进度] 4,194,304/100,000,000 (4.2%)  FPS≈1789  阶段=stage1_static  速度=0.00  直行间隔=180  aim=0.200/current  rotate=-0.07
[进度] 4,210,688/100,000,000 (4.2%)  FPS≈1756  阶段=stage1_static  速度=0.00  直行间隔=180  aim=0.200/current  rotate=-0.07
[进度] 4,227,072/100,000,000 (4.2%)  FPS≈1732  阶段=stage1_static  速度=0.00  直行间隔=180  aim=0.200/current  rotate=-0.07
[进度] 4,243,456/100,000,000 (4.2%)  FPS≈1735  阶段=stage1_static  速度=0.00  直行间隔=180  aim=0.200/current  rotate=-0.07
[存盘] 课程元数据 model_t4243456_stage0_stage1_static.curriculum.json  stage=stage1_static  bot=static v=0.00
[存盘] runs/curriculum_aim/20260922_215130/checkpoints/model_t4243456_stage0_stage1_static.zip
[评测] 开始（100 局）…
  [评测进度] 10/100  kill(命中/开火)=0.450  direct(直击/开火)=0.400  弹数=20
  [评测进度] 20/100  kill(命中/开火)=0.488  direct(直击/开火)=0.390  弹数=41
  [评测进度] 30/100  kill(命中/开火)=0.527  direct(直击/开火)=0.418  弹数=55
  [评测进度] 40/100  kill(命中/开火)=0.529  direct(直击/开火)=0.429  弹数=70
  [评测进度] 50/100  kill(命中/开火)=0.547  direct(直击/开火)=0.442  弹数=86
  [评测进度] 60/100  kill(命中/开火)=0.546  direct(直击/开火)=0.417  弹数=108
  [评测进度] 70/100  kill(命中/开火)=0.542  direct(直击/开火)=0.382  弹数=131
  [评测进度] 80/100  kill(命中/开火)=0.526  direct(直击/开火)=0.370  弹数=154
  [评测进度] 90/100  kill(命中/开火)=0.529  direct(直击/开火)=0.390  弹数=172
  [评测进度] 100/100  kill(命中/开火)=0.531  direct(直击/开火)=0.391  弹数=192
------------------------------------------------------------
[评测] 阶段=stage1_static  局数=100
  kill_rate(命中/开火) = 0.531  hit_rate(直击/开火) = 0.391  中位TTK = 192
  TTK口径     : 首直击步数；无直击=该局结束步数（评测步限封顶）
  晋级条件 直击/开火 hit_rate≥0.10  当前=0.391  → 指标达标
  附加门槛 : 需中位TTK≤900
  转向阶梯中 : phase=3  rotate=-0.07  （此期间不晋级下一阶段，只按 hit_rate 下调转向）
  未晋级阶段：转向阶梯进行中（属预期）
------------------------------------------------------------
[进度] 4,259,840/100,000,000 (4.3%)  FPS≈1708  阶段=stage1_static  速度=0.00  直行间隔=180  aim=0.200/current  rotate=-0.07
[进度] 4,276,224/100,000,000 (4.3%)  FPS≈1714  阶段=stage1_static  速度=0.00  直行间隔=180  aim=0.200/current  rotate=-0.07
[进度] 4,292,608/100,000,000 (4.3%)  FPS≈1704  阶段=stage1_static  速度=0.00  直行间隔=180  aim=0.200/current  rotate=-0.07
[进度] 4,308,992/100,000,000 (4.3%)  FPS≈1749  阶段=stage1_static  速度=0.00  直行间隔=180  aim=0.200/current  rotate=-0.07
[进度] 4,325,376/100,000,000 (4.3%)  FPS≈1672  阶段=stage1_static  速度=0.00  直行间隔=180  aim=0.200/current  rotate=-0.07
[进度] 4,341,760/100,000,000 (4.3%)  FPS≈1668  阶段=stage1_static  速度=0.00  直行间隔=180  aim=0.200/current  rotate=-0.07
[进度] 4,358,144/100,000,000 (4.4%)  FPS≈1734  阶段=stage1_static  速度=0.00  直行间隔=180  aim=0.200/current  rotate=-0.07
[存盘] 课程元数据 model_t4358144_stage0_stage1_static.curriculum.json  stage=stage1_static  bot=static v=0.00
[存盘] runs/curriculum_aim/20260922_215130/checkpoints/model_t4358144_stage0_stage1_static.zip
[评测] 开始（100 局）…
  [评测进度] 10/100  kill(命中/开火)=0.455  direct(直击/开火)=0.364  弹数=11
  [评测进度] 20/100  kill(命中/开火)=0.448  direct(直击/开火)=0.276  弹数=29
  [评测进度] 30/100  kill(命中/开火)=0.436  direct(直击/开火)=0.282  弹数=39
  [评测进度] 40/100  kill(命中/开火)=0.400  direct(直击/开火)=0.273  弹数=55
  [评测进度] 50/100  kill(命中/开火)=0.406  direct(直击/开火)=0.297  弹数=64
  [评测进度] 60/100  kill(命中/开火)=0.408  direct(直击/开火)=0.289  弹数=76
  [评测进度] 70/100  kill(命中/开火)=0.432  direct(直击/开火)=0.307  弹数=88
  [评测进度] 80/100  kill(命中/开火)=0.410  direct(直击/开火)=0.295  弹数=105
  [评测进度] 90/100  kill(命中/开火)=0.425  direct(直击/开火)=0.308  弹数=120
  [评测进度] 100/100  kill(命中/开火)=0.435  direct(直击/开火)=0.328  弹数=131
------------------------------------------------------------
[评测] 阶段=stage1_static  局数=100
  kill_rate(命中/开火) = 0.435  hit_rate(直击/开火) = 0.328  中位TTK = 600
  TTK口径     : 首直击步数；无直击=该局结束步数（评测步限封顶）
  晋级条件 直击/开火 hit_rate≥0.10  当前=0.328  → 指标达标
  附加门槛 : 需中位TTK≤900
  转向阶梯中 : phase=3  rotate=-0.07  （此期间不晋级下一阶段，只按 hit_rate 下调转向）
  未晋级阶段：转向阶梯进行中（属预期）
------------------------------------------------------------
[进度] 4,374,528/100,000,000 (4.4%)  FPS≈1777  阶段=stage1_static  速度=0.00  直行间隔=180  aim=0.200/current  rotate=-0.07
[进度] 4,390,912/100,000,000 (4.4%)  FPS≈1764  阶段=stage1_static  速度=0.00  直行间隔=180  aim=0.200/current  rotate=-0.07
[进度] 4,407,296/100,000,000 (4.4%)  FPS≈1730  阶段=stage1_static  速度=0.00  直行间隔=180  aim=0.200/current  rotate=-0.07
[进度] 4,423,680/100,000,000 (4.4%)  FPS≈1731  阶段=stage1_static  速度=0.00  直行间隔=180  aim=0.200/current  rotate=-0.07
[进度] 4,440,064/100,000,000 (4.4%)  FPS≈1797  阶段=stage1_static  速度=0.00  直行间隔=180  aim=0.200/current  rotate=-0.07
[进度] 4,456,448/100,000,000 (4.5%)  FPS≈1717  阶段=stage1_static  速度=0.00  直行间隔=180  aim=0.200/current  rotate=-0.07
[进度] 4,472,832/100,000,000 (4.5%)  FPS≈1781  阶段=stage1_static  速度=0.00  直行间隔=180  aim=0.200/current  rotate=-0.07
[存盘] 课程元数据 model_t4472832_stage0_stage1_static.curriculum.json  stage=stage1_static  bot=static v=0.00
[存盘] runs/curriculum_aim/20260922_215130/checkpoints/model_t4472832_stage0_stage1_static.zip
[评测] 开始（100 局）…
  [评测进度] 10/100  kill(命中/开火)=0.529  direct(直击/开火)=0.471  弹数=17
  [评测进度] 20/100  kill(命中/开火)=0.516  direct(直击/开火)=0.452  弹数=31
  [评测进度] 30/100  kill(命中/开火)=0.500  direct(直击/开火)=0.452  弹数=42
  [评测进度] 40/100  kill(命中/开火)=0.475  direct(直击/开火)=0.426  弹数=61
  [评测进度] 50/100  kill(命中/开火)=0.468  direct(直击/开火)=0.418  弹数=79
  [评测进度] 60/100  kill(命中/开火)=0.471  direct(直击/开火)=0.402  弹数=102
  [评测进度] 70/100  kill(命中/开火)=0.478  direct(直击/开火)=0.416  弹数=113
  [评测进度] 80/100  kill(命中/开火)=0.467  direct(直击/开火)=0.400  弹数=135
  [评测进度] 90/100  kill(命中/开火)=0.476  direct(直击/开火)=0.400  弹数=145
  [评测进度] 100/100  kill(命中/开火)=0.487  direct(直击/开火)=0.409  弹数=154
------------------------------------------------------------
[评测] 阶段=stage1_static  局数=100
  kill_rate(命中/开火) = 0.487  hit_rate(直击/开火) = 0.409  中位TTK = 280
  TTK口径     : 首直击步数；无直击=该局结束步数（评测步限封顶）
  晋级条件 直击/开火 hit_rate≥0.10  当前=0.409  → 指标达标
  附加门槛 : 需中位TTK≤900
  转向阶梯中 : phase=3  rotate=-0.07  （此期间不晋级下一阶段，只按 hit_rate 下调转向）
  未晋级阶段：转向阶梯进行中（属预期）
------------------------------------------------------------
[进度] 4,489,216/100,000,000 (4.5%)  FPS≈1710  阶段=stage1_static  速度=0.00  直行间隔=180  aim=0.200/current  rotate=-0.07
[进度] 4,505,600/100,000,000 (4.5%)  FPS≈1686  阶段=stage1_static  速度=0.00  直行间隔=180  aim=0.200/current  rotate=-0.07
[进度] 4,521,984/100,000,000 (4.5%)  FPS≈1764  阶段=stage1_static  速度=0.00  直行间隔=180  aim=0.200/current  rotate=-0.07
[进度] 4,538,368/100,000,000 (4.5%)  FPS≈1796  阶段=stage1_static  速度=0.00  直行间隔=180  aim=0.200/current  rotate=-0.07
[进度] 4,554,752/100,000,000 (4.6%)  FPS≈1753  阶段=stage1_static  速度=0.00  直行间隔=180  aim=0.200/current  rotate=-0.07
[进度] 4,571,136/100,000,000 (4.6%)  FPS≈1735  阶段=stage1_static  速度=0.00  直行间隔=180  aim=0.200/current  rotate=-0.07
[进度] 4,587,520/100,000,000 (4.6%)  FPS≈1759  阶段=stage1_static  速度=0.00  直行间隔=180  aim=0.200/current  rotate=-0.07
[存盘] 课程元数据 model_t4587520_stage0_stage1_static.curriculum.json  stage=stage1_static  bot=static v=0.00
[存盘] runs/curriculum_aim/20260922_215130/checkpoints/model_t4587520_stage0_stage1_static.zip
[评测] 开始（100 局）…
  [评测进度] 10/100  kill(命中/开火)=0.600  direct(直击/开火)=0.400  弹数=10
  [评测进度] 20/100  kill(命中/开火)=0.424  direct(直击/开火)=0.303  弹数=33
  [评测进度] 30/100  kill(命中/开火)=0.381  direct(直击/开火)=0.286  弹数=42
  [评测进度] 40/100  kill(命中/开火)=0.412  direct(直击/开火)=0.314  弹数=51
  [评测进度] 50/100  kill(命中/开火)=0.453  direct(直击/开火)=0.328  弹数=64
  [评测进度] 60/100  kill(命中/开火)=0.430  direct(直击/开火)=0.316  弹数=79
  [评测进度] 70/100  kill(命中/开火)=0.432  direct(直击/开火)=0.326  弹数=95
  [评测进度] 80/100  kill(命中/开火)=0.430  direct(直击/开火)=0.333  弹数=114
  [评测进度] 90/100  kill(命中/开火)=0.427  direct(直击/开火)=0.323  弹数=124
  [评测进度] 100/100  kill(命中/开火)=0.436  direct(直击/开火)=0.338  弹数=133
------------------------------------------------------------
[评测] 阶段=stage1_static  局数=100
  kill_rate(命中/开火) = 0.436  hit_rate(直击/开火) = 0.338  中位TTK = 600
  TTK口径     : 首直击步数；无直击=该局结束步数（评测步限封顶）
  晋级条件 直击/开火 hit_rate≥0.10  当前=0.338  → 指标达标
  附加门槛 : 需中位TTK≤900
  转向阶梯中 : phase=3  rotate=-0.07  （此期间不晋级下一阶段，只按 hit_rate 下调转向）
  未晋级阶段：转向阶梯进行中（属预期）
------------------------------------------------------------
[进度] 4,603,904/100,000,000 (4.6%)  FPS≈1831  阶段=stage1_static  速度=0.00  直行间隔=180  aim=0.200/current  rotate=-0.07
[进度] 4,620,288/100,000,000 (4.6%)  FPS≈1741  阶段=stage1_static  速度=0.00  直行间隔=180  aim=0.200/current  rotate=-0.07
[进度] 4,636,672/100,000,000 (4.6%)  FPS≈1688  阶段=stage1_static  速度=0.00  直行间隔=180  aim=0.200/current  rotate=-0.07
[进度] 4,653,056/100,000,000 (4.7%)  FPS≈1757  阶段=stage1_static  速度=0.00  直行间隔=180  aim=0.200/current  rotate=-0.07
[进度] 4,669,440/100,000,000 (4.7%)  FPS≈1738  阶段=stage1_static  速度=0.00  直行间隔=180  aim=0.200/current  rotate=-0.07
[进度] 4,685,824/100,000,000 (4.7%)  FPS≈1811  阶段=stage1_static  速度=0.00  直行间隔=180  aim=0.200/current  rotate=-0.07
[进度] 4,702,208/100,000,000 (4.7%)  FPS≈1809  阶段=stage1_static  速度=0.00  直行间隔=180  aim=0.200/current  rotate=-0.07
[存盘] 课程元数据 model_t4702208_stage0_stage1_static.curriculum.json  stage=stage1_static  bot=static v=0.00
[存盘] runs/curriculum_aim/20260922_215130/checkpoints/model_t4702208_stage0_stage1_static.zip
[评测] 开始（100 局）…
  [评测进度] 10/100  kill(命中/开火)=0.385  direct(直击/开火)=0.385  弹数=13
  [评测进度] 20/100  kill(命中/开火)=0.432  direct(直击/开火)=0.324  弹数=37
  [评测进度] 30/100  kill(命中/开火)=0.436  direct(直击/开火)=0.345  弹数=55
  [评测进度] 40/100  kill(命中/开火)=0.478  direct(直击/开火)=0.377  弹数=69
  [评测进度] 50/100  kill(命中/开火)=0.488  direct(直击/开火)=0.372  弹数=86
  [评测进度] 60/100  kill(命中/开火)=0.510  direct(直击/开火)=0.373  弹数=102
  [评测进度] 70/100  kill(命中/开火)=0.513  direct(直击/开火)=0.374  弹数=115
  [评测进度] 80/100  kill(命中/开火)=0.512  direct(直击/开火)=0.370  弹数=127
  [评测进度] 90/100  kill(命中/开火)=0.513  direct(直击/开火)=0.368  弹数=152
  [评测进度] 100/100  kill(命中/开火)=0.503  direct(直击/开火)=0.371  弹数=167
------------------------------------------------------------
[评测] 阶段=stage1_static  局数=100
  kill_rate(命中/开火) = 0.503  hit_rate(直击/开火) = 0.371  中位TTK = 341
  TTK口径     : 首直击步数；无直击=该局结束步数（评测步限封顶）
  晋级条件 直击/开火 hit_rate≥0.10  当前=0.371  → 指标达标
  附加门槛 : 需中位TTK≤900
  转向阶梯中 : phase=3  rotate=-0.07  （此期间不晋级下一阶段，只按 hit_rate 下调转向）
  未晋级阶段：转向阶梯进行中（属预期）
------------------------------------------------------------
[进度] 4,718,592/100,000,000 (4.7%)  FPS≈1765  阶段=stage1_static  速度=0.00  直行间隔=180  aim=0.200/current  rotate=-0.07
[进度] 4,734,976/100,000,000 (4.7%)  FPS≈1779  阶段=stage1_static  速度=0.00  直行间隔=180  aim=0.200/current  rotate=-0.07
[进度] 4,751,360/100,000,000 (4.8%)  FPS≈1675  阶段=stage1_static  速度=0.00  直行间隔=180  aim=0.200/current  rotate=-0.07
[进度] 4,767,744/100,000,000 (4.8%)  FPS≈1818  阶段=stage1_static  速度=0.00  直行间隔=180  aim=0.200/current  rotate=-0.07
[进度] 4,784,128/100,000,000 (4.8%)  FPS≈1731  阶段=stage1_static  速度=0.00  直行间隔=180  aim=0.200/current  rotate=-0.07
[进度] 4,800,512/100,000,000 (4.8%)  FPS≈1767  阶段=stage1_static  速度=0.00  直行间隔=180  aim=0.200/current  rotate=-0.07
[进度] 4,816,896/100,000,000 (4.8%)  FPS≈1738  阶段=stage1_static  速度=0.00  直行间隔=180  aim=0.200/current  rotate=-0.07
[存盘] 课程元数据 model_t4816896_stage0_stage1_static.curriculum.json  stage=stage1_static  bot=static v=0.00
[存盘] runs/curriculum_aim/20260922_215130/checkpoints/model_t4816896_stage0_stage1_static.zip
[评测] 开始（100 局）…
  [评测进度] 10/100  kill(命中/开火)=0.333  direct(直击/开火)=0.333  弹数=15
  [评测进度] 20/100  kill(命中/开火)=0.448  direct(直击/开火)=0.414  弹数=29
  [评测进度] 30/100  kill(命中/开火)=0.400  direct(直击/开火)=0.333  弹数=45
  [评测进度] 40/100  kill(命中/开火)=0.415  direct(直击/开火)=0.292  弹数=65
  [评测进度] 50/100  kill(命中/开火)=0.400  direct(直击/开火)=0.293  弹数=75
  [评测进度] 60/100  kill(命中/开火)=0.409  direct(直击/开火)=0.312  弹数=93
  [评测进度] 70/100  kill(命中/开火)=0.418  direct(直击/开火)=0.336  弹数=110
  [评测进度] 80/100  kill(命中/开火)=0.423  direct(直击/开火)=0.333  弹数=123
  [评测进度] 90/100  kill(命中/开火)=0.429  direct(直击/开火)=0.350  弹数=140
  [评测进度] 100/100  kill(命中/开火)=0.439  direct(直击/开火)=0.345  弹数=148
------------------------------------------------------------
[评测] 阶段=stage1_static  局数=100
  kill_rate(命中/开火) = 0.439  hit_rate(直击/开火) = 0.345  中位TTK = 508
  TTK口径     : 首直击步数；无直击=该局结束步数（评测步限封顶）
  晋级条件 直击/开火 hit_rate≥0.10  当前=0.345  → 指标达标
  附加门槛 : 需中位TTK≤900
  转向阶梯中 : phase=3  rotate=-0.07  （此期间不晋级下一阶段，只按 hit_rate 下调转向）
  未晋级阶段：转向阶梯进行中（属预期）
------------------------------------------------------------
[进度] 4,833,280/100,000,000 (4.8%)  FPS≈1708  阶段=stage1_static  速度=0.00  直行间隔=180  aim=0.200/current  rotate=-0.07
[进度] 4,849,664/100,000,000 (4.8%)  FPS≈1726  阶段=stage1_static  速度=0.00  直行间隔=180  aim=0.200/current  rotate=-0.07
[进度] 4,866,048/100,000,000 (4.9%)  FPS≈1696  阶段=stage1_static  速度=0.00  直行间隔=180  aim=0.200/current  rotate=-0.07
已终止
